Component: ARM Compiler 5.06 update 1 (build 61) Tool: armlink [4d35a8]

==============================================================================

Section Cross References

    startup_hc32f460.o(RESET) refers to startup_hc32f460.o(STACK) for __initial_sp
    startup_hc32f460.o(RESET) refers to startup_hc32f460.o(.text) for Reset_Handler
    startup_hc32f460.o(RESET) refers to hc32_ll_interrupts.o(i.IRQ000_Handler) for IRQ000_Handler
    startup_hc32f460.o(RESET) refers to hc32_ll_interrupts.o(i.IRQ001_Handler) for IRQ001_Handler
    startup_hc32f460.o(RESET) refers to hc32_ll_interrupts.o(i.IRQ002_Handler) for IRQ002_Handler
    startup_hc32f460.o(RESET) refers to hc32_ll_interrupts.o(i.IRQ003_Handler) for IRQ003_Handler
    startup_hc32f460.o(RESET) refers to hc32_ll_interrupts.o(i.IRQ004_Handler) for IRQ004_Handler
    startup_hc32f460.o(RESET) refers to hc32_ll_interrupts.o(i.IRQ005_Handler) for IRQ005_Handler
    startup_hc32f460.o(RESET) refers to hc32_ll_interrupts.o(i.IRQ006_Handler) for IRQ006_Handler
    startup_hc32f460.o(RESET) refers to hc32_ll_interrupts.o(i.IRQ007_Handler) for IRQ007_Handler
    startup_hc32f460.o(RESET) refers to hc32_ll_interrupts.o(i.IRQ008_Handler) for IRQ008_Handler
    startup_hc32f460.o(RESET) refers to hc32_ll_interrupts.o(i.IRQ009_Handler) for IRQ009_Handler
    startup_hc32f460.o(RESET) refers to hc32_ll_interrupts.o(i.IRQ010_Handler) for IRQ010_Handler
    startup_hc32f460.o(RESET) refers to hc32_ll_interrupts.o(i.IRQ011_Handler) for IRQ011_Handler
    startup_hc32f460.o(RESET) refers to hc32_ll_interrupts.o(i.IRQ012_Handler) for IRQ012_Handler
    startup_hc32f460.o(RESET) refers to hc32_ll_interrupts.o(i.IRQ013_Handler) for IRQ013_Handler
    startup_hc32f460.o(RESET) refers to hc32_ll_interrupts.o(i.IRQ014_Handler) for IRQ014_Handler
    startup_hc32f460.o(RESET) refers to hc32_ll_interrupts.o(i.IRQ015_Handler) for IRQ015_Handler
    startup_hc32f460.o(RESET) refers to hc32_ll_interrupts.o(i.IRQ016_Handler) for IRQ016_Handler
    startup_hc32f460.o(RESET) refers to hc32_ll_interrupts.o(i.IRQ017_Handler) for IRQ017_Handler
    startup_hc32f460.o(RESET) refers to hc32_ll_interrupts.o(i.IRQ018_Handler) for IRQ018_Handler
    startup_hc32f460.o(RESET) refers to hc32_ll_interrupts.o(i.IRQ019_Handler) for IRQ019_Handler
    startup_hc32f460.o(RESET) refers to hc32_ll_interrupts.o(i.IRQ020_Handler) for IRQ020_Handler
    startup_hc32f460.o(RESET) refers to hc32_ll_interrupts.o(i.IRQ021_Handler) for IRQ021_Handler
    startup_hc32f460.o(RESET) refers to hc32_ll_interrupts.o(i.IRQ022_Handler) for IRQ022_Handler
    startup_hc32f460.o(RESET) refers to hc32_ll_interrupts.o(i.IRQ023_Handler) for IRQ023_Handler
    startup_hc32f460.o(RESET) refers to hc32_ll_interrupts.o(i.IRQ024_Handler) for IRQ024_Handler
    startup_hc32f460.o(RESET) refers to hc32_ll_interrupts.o(i.IRQ025_Handler) for IRQ025_Handler
    startup_hc32f460.o(RESET) refers to hc32_ll_interrupts.o(i.IRQ026_Handler) for IRQ026_Handler
    startup_hc32f460.o(RESET) refers to hc32_ll_interrupts.o(i.IRQ027_Handler) for IRQ027_Handler
    startup_hc32f460.o(RESET) refers to hc32_ll_interrupts.o(i.IRQ028_Handler) for IRQ028_Handler
    startup_hc32f460.o(RESET) refers to hc32_ll_interrupts.o(i.IRQ029_Handler) for IRQ029_Handler
    startup_hc32f460.o(RESET) refers to hc32_ll_interrupts.o(i.IRQ030_Handler) for IRQ030_Handler
    startup_hc32f460.o(RESET) refers to hc32_ll_interrupts.o(i.IRQ031_Handler) for IRQ031_Handler
    startup_hc32f460.o(RESET) refers to hc32_ll_interrupts.o(i.IRQ032_Handler) for IRQ032_Handler
    startup_hc32f460.o(RESET) refers to hc32_ll_interrupts.o(i.IRQ033_Handler) for IRQ033_Handler
    startup_hc32f460.o(RESET) refers to hc32_ll_interrupts.o(i.IRQ034_Handler) for IRQ034_Handler
    startup_hc32f460.o(RESET) refers to hc32_ll_interrupts.o(i.IRQ035_Handler) for IRQ035_Handler
    startup_hc32f460.o(RESET) refers to hc32_ll_interrupts.o(i.IRQ036_Handler) for IRQ036_Handler
    startup_hc32f460.o(RESET) refers to hc32_ll_interrupts.o(i.IRQ037_Handler) for IRQ037_Handler
    startup_hc32f460.o(RESET) refers to hc32_ll_interrupts.o(i.IRQ038_Handler) for IRQ038_Handler
    startup_hc32f460.o(RESET) refers to hc32_ll_interrupts.o(i.IRQ039_Handler) for IRQ039_Handler
    startup_hc32f460.o(RESET) refers to hc32_ll_interrupts.o(i.IRQ040_Handler) for IRQ040_Handler
    startup_hc32f460.o(RESET) refers to hc32_ll_interrupts.o(i.IRQ041_Handler) for IRQ041_Handler
    startup_hc32f460.o(RESET) refers to hc32_ll_interrupts.o(i.IRQ042_Handler) for IRQ042_Handler
    startup_hc32f460.o(RESET) refers to hc32_ll_interrupts.o(i.IRQ043_Handler) for IRQ043_Handler
    startup_hc32f460.o(RESET) refers to hc32_ll_interrupts.o(i.IRQ044_Handler) for IRQ044_Handler
    startup_hc32f460.o(RESET) refers to hc32_ll_interrupts.o(i.IRQ045_Handler) for IRQ045_Handler
    startup_hc32f460.o(RESET) refers to hc32_ll_interrupts.o(i.IRQ046_Handler) for IRQ046_Handler
[...]
    IRQ066_Handler                           0x00001e6d   Thumb Code    16  hc32_ll_interrupts.o(i.IRQ066_Handler)
    IRQ067_Handler                           0x00001e81   Thumb Code    16  hc32_ll_interrupts.o(i.IRQ067_Handler)
    IRQ068_Handler                           0x00001e95   Thumb Code    16  hc32_ll_interrupts.o(i.IRQ068_Handler)
    IRQ069_Handler                           0x00001ea9   Thumb Code    16  hc32_ll_interrupts.o(i.IRQ069_Handler)
    IRQ070_Handler                           0x00001ebd   Thumb Code    16  hc32_ll_interrupts.o(i.IRQ070_Handler)
    IRQ071_Handler                           0x00001ed1   Thumb Code    16  hc32_ll_interrupts.o(i.IRQ071_Handler)
    IRQ072_Handler                           0x00001ee5   Thumb Code    16  hc32_ll_interrupts.o(i.IRQ072_Handler)
    IRQ073_Handler                           0x00001ef9   Thumb Code    16  hc32_ll_interrupts.o(i.IRQ073_Handler)
    IRQ074_Handler                           0x00001f0d   Thumb Code    16  hc32_ll_interrupts.o(i.IRQ074_Handler)
    IRQ075_Handler                           0x00001f21   Thumb Code    16  hc32_ll_interrupts.o(i.IRQ075_Handler)
    IRQ076_Handler                           0x00001f35   Thumb Code    16  hc32_ll_interrupts.o(i.IRQ076_Handler)
    IRQ077_Handler                           0x00001f49   Thumb Code    16  hc32_ll_interrupts.o(i.IRQ077_Handler)
    IRQ078_Handler                           0x00001f5d   Thumb Code    16  hc32_ll_interrupts.o(i.IRQ078_Handler)
    IRQ079_Handler                           0x00001f71   Thumb Code    16  hc32_ll_interrupts.o(i.IRQ079_Handler)
    IRQ080_Handler                           0x00001f85   Thumb Code    16  hc32_ll_interrupts.o(i.IRQ080_Handler)
    IRQ081_Handler                           0x00001f99   Thumb Code    16  hc32_ll_interrupts.o(i.IRQ081_Handler)
    IRQ082_Handler                           0x00001fad   Thumb Code    16  hc32_ll_interrupts.o(i.IRQ082_Handler)
    IRQ083_Handler                           0x00001fc1   Thumb Code    16  hc32_ll_interrupts.o(i.IRQ083_Handler)
    IRQ084_Handler                           0x00001fd5   Thumb Code    16  hc32_ll_interrupts.o(i.IRQ084_Handler)
    IRQ085_Handler                           0x00001fe9   Thumb Code    16  hc32_ll_interrupts.o(i.IRQ085_Handler)
    IRQ086_Handler                           0x00001ffd   Thumb Code    16  hc32_ll_interrupts.o(i.IRQ086_Handler)
    IRQ087_Handler                           0x00002011   Thumb Code    16  hc32_ll_interrupts.o(i.IRQ087_Handler)
    IRQ088_Handler                           0x00002025   Thumb Code    16  hc32_ll_interrupts.o(i.IRQ088_Handler)
    IRQ089_Handler                           0x00002039   Thumb Code    16  hc32_ll_interrupts.o(i.IRQ089_Handler)
    IRQ090_Handler                           0x0000204d   Thumb Code    16  hc32_ll_interrupts.o(i.IRQ090_Handler)
    IRQ091_Handler                           0x00002061   Thumb Code    16  hc32_ll_interrupts.o(i.IRQ091_Handler)
    IRQ092_Handler                           0x00002075   Thumb Code    16  hc32_ll_interrupts.o(i.IRQ092_Handler)
    IRQ093_Handler                           0x00002089   Thumb Code    16  hc32_ll_interrupts.o(i.IRQ093_Handler)
    IRQ094_Handler                           0x0000209d   Thumb Code    16  hc32_ll_interrupts.o(i.IRQ094_Handler)
    IRQ095_Handler                           0x000020b1   Thumb Code    16  hc32_ll_interrupts.o(i.IRQ095_Handler)
    IRQ096_Handler                           0x000020c5   Thumb Code    16  hc32_ll_interrupts.o(i.IRQ096_Handler)
    IRQ097_Handler                           0x000020d9   Thumb Code    16  hc32_ll_interrupts.o(i.IRQ097_Handler)
    IRQ098_Handler                           0x000020ed   Thumb Code    16  hc32_ll_interrupts.o(i.IRQ098_Handler)
    IRQ099_Handler                           0x00002101   Thumb Code    16  hc32_ll_interrupts.o(i.IRQ099_Handler)
    IRQ100_Handler                           0x00002115   Thumb Code    16  hc32_ll_interrupts.o(i.IRQ100_Handler)
    IRQ101_Handler                           0x00002129   Thumb Code    16  hc32_ll_interrupts.o(i.IRQ101_Handler)
    IRQ102_Handler                           0x0000213d   Thumb Code    16  hc32_ll_interrupts.o(i.IRQ102_Handler)
    IRQ103_Handler                           0x00002151   Thumb Code    16  hc32_ll_interrupts.o(i.IRQ103_Handler)
    IRQ104_Handler                           0x00002165   Thumb Code    16  hc32_ll_interrupts.o(i.IRQ104_Handler)
    IRQ105_Handler                           0x00002179   Thumb Code    16  hc32_ll_interrupts.o(i.IRQ105_Handler)
    IRQ106_Handler                           0x0000218d   Thumb Code    16  hc32_ll_interrupts.o(i.IRQ106_Handler)
    IRQ107_Handler                           0x000021a1   Thumb Code    16  hc32_ll_interrupts.o(i.IRQ107_Handler)
    IRQ108_Handler                           0x000021b5   Thumb Code    16  hc32_ll_interrupts.o(i.IRQ108_Handler)
    IRQ109_Handler                           0x000021c9   Thumb Code    16  hc32_ll_interrupts.o(i.IRQ109_Handler)
    IRQ110_Handler                           0x000021dd   Thumb Code    16  hc32_ll_interrupts.o(i.IRQ110_Handler)
    IRQ111_Handler                           0x000021f1   Thumb Code    16  hc32_ll_interrupts.o(i.IRQ111_Handler)
    IRQ112_Handler                           0x00002205   Thumb Code    16  hc32_ll_interrupts.o(i.IRQ112_Handler)
    IRQ113_Handler                           0x00002219   Thumb Code    16  hc32_ll_interrupts.o(i.IRQ113_Handler)
    IRQ114_Handler                           0x0000222d   Thumb Code    16  hc32_ll_interrupts.o(i.IRQ114_Handler)
    IRQ115_Handler                           0x00002241   Thumb Code    16  hc32_ll_interrupts.o(i.IRQ115_Handler)
    IRQ116_Handler                           0x00002255   Thumb Code    16  hc32_ll_interrupts.o(i.IRQ116_Handler)
    IRQ117_Handler                           0x00002269   Thumb Code    16  hc32_ll_interrupts.o(i.IRQ117_Handler)
    IRQ118_Handler                           0x0000227d   Thumb Code    16  hc32_ll_interrupts.o(i.IRQ118_Handler)
    IRQ119_Handler                           0x00002291   Thumb Code    16  hc32_ll_interrupts.o(i.IRQ119_Handler)
    IRQ120_Handler                           0x000022a5   Thumb Code    16  hc32_ll_interrupts.o(i.IRQ120_Handler)
    IRQ121_Handler                           0x000022b9   Thumb Code    16  hc32_ll_interrupts.o(i.IRQ121_Handler)
    IRQ122_Handler                           0x000022cd   Thumb Code    16  hc32_ll_interrupts.o(i.IRQ122_Handler)
    IRQ123_Handler                           0x000022e1   Thumb Code    16  hc32_ll_interrupts.o(i.IRQ123_Handler)
    IRQ124_Handler                           0x000022f5   Thumb Code    16  hc32_ll_interrupts.o(i.IRQ124_Handler)
    IRQ125_Handler                           0x00002309   Thumb Code    16  hc32_ll_interrupts.o(i.IRQ125_Handler)
    IRQ126_Handler                           0x0000231d   Thumb Code    16  hc32_ll_interrupts.o(i.IRQ126_Handler)
    IRQ127_Handler                           0x00002331   Thumb Code    16  hc32_ll_interrupts.o(i.IRQ127_Handler)
    IRQ128_Handler                           0x00002345   Thumb Code   330  hc32f460_ll_interrupts_share.o(i.IRQ128_Handler)
    IRQ129_Handler                           0x00002499   Thumb Code  1168  hc32f460_ll_interrupts_share.o(i.IRQ129_Handler)
    IRQ130_Handler                           0x00002931   Thumb Code   204  hc32f460_ll_interrupts_share.o(i.IRQ130_Handler)
    IRQ131_Handler                           0x00002a19   Thumb Code   684  hc32f460_ll_interrupts_share.o(i.IRQ131_Handler)
    IRQ132_Handler                           0x00002ce1   Thumb Code   366  hc32f460_ll_interrupts_share.o(i.IRQ132_Handler)
    IRQ136_Handler                           0x00002e61   Thumb Code   762  hc32f460_ll_interrupts_share.o(i.IRQ136_Handler)
    IRQ137_Handler                           0x000031a5   Thumb Code   620  hc32f460_ll_interrupts_share.o(i.IRQ137_Handler)
    IRQ138_Handler                           0x0000342d   Thumb Code   548  hc32f460_ll_interrupts_share.o(i.IRQ138_Handler)
    IRQ139_Handler                           0x0000365d   Thumb Code   282  hc32f460_ll_interrupts_share.o(i.IRQ139_Handler)
    IRQ140_Handler                           0x00003781   Thumb Code   490  hc32f460_ll_interrupts_share.o(i.IRQ140_Handler)
    IRQ141_Handler                           0x00003995   Thumb Code   554  hc32f460_ll_interrupts_share.o(i.IRQ141_Handler)
    IRQ142_Handler                           0x00003bfd   Thumb Code   240  hc32f460_ll_interrupts_share.o(i.IRQ142_Handler)
    IRQ143_Handler                           0x00003d09   Thumb Code   252  hc32f460_ll_interrupts_share.o(i.IRQ143_Handler)
    LL_PERIPH_WE                             0x00003e15   Thumb Code   122  hc32_ll.o(i.LL_PERIPH_WE)
    LL_PERIPH_WP                             0x00003ea5   Thumb Code   114  hc32_ll.o(i.LL_PERIPH_WP)
    PWC_HighSpeedToHighPerformance           0x00003f2d   Thumb Code    68  hc32_ll_pwc.o(i.PWC_HighSpeedToHighPerformance)
    PWC_LVD1_IrqHandler                      0x00003f91   Thumb Code     2  hc32f460_ll_interrupts_share.o(i.PWC_LVD1_IrqHandler)
    PWC_LVD2_IrqHandler                      0x00003f93   Thumb Code     2  hc32f460_ll_interrupts_share.o(i.PWC_LVD2_IrqHandler)
    PWC_WakeupTimer_IrqHandler               0x00003fc9   Thumb Code     2  hc32f460_ll_interrupts_share.o(i.PWC_WakeupTimer_IrqHandler)
    QSPI_Error_IrqHandler                    0x00003fcb   Thumb Code     2  hc32f460_ll_interrupts_share.o(i.QSPI_Error_IrqHandler)
    SDIOC1_IrqHandler                        0x00003fcd   Thumb Code     2  hc32f460_ll_interrupts_share.o(i.SDIOC1_IrqHandler)
    SDIOC2_IrqHandler                        0x00003fcf   Thumb Code     2  hc32f460_ll_interrupts_share.o(i.SDIOC2_IrqHandler)
    SPI1_Error_IrqHandler                    0x00003fd1   Thumb Code     2  hc32f460_ll_interrupts_share.o(i.SPI1_Error_IrqHandler)
    SPI1_Idle_IrqHandler                     0x00003fd3   Thumb Code     2  hc32f460_ll_interrupts_share.o(i.SPI1_Idle_IrqHandler)
    SPI1_RxFull_IrqHandler                   0x00003fd5   Thumb Code     2  hc32f460_ll_interrupts_share.o(i.SPI1_RxFull_IrqHandler)
    SPI1_TxEmpty_IrqHandler                  0x00003fd7   Thumb Code     2  hc32f460_ll_interrupts_share.o(i.SPI1_TxEmpty_IrqHandler)
    SPI2_Error_IrqHandler                    0x00003fd9   Thumb Code     2  hc32f460_ll_interrupts_share.o(i.SPI2_Error_IrqHandler)
    SPI2_Idle_IrqHandler                     0x00003fdb   Thumb Code     2  hc32f460_ll_interrupts_share.o(i.SPI2_Idle_IrqHandler)
    SPI2_RxFull_IrqHandler                   0x00003fdd   Thumb Code     2  hc32f460_ll_interrupts_share.o(i.SPI2_RxFull_IrqHandler)
    SPI2_TxEmpty_IrqHandler                  0x00003fdf   Thumb Code     2  hc32f460_ll_interrupts_share.o(i.SPI2_TxEmpty_IrqHandler)
    SPI3_Error_IrqHandler                    0x00003fe1   Thumb Code     2  hc32f460_ll_interrupts_share.o(i.SPI3_Error_IrqHandler)
    SPI3_Idle_IrqHandler                     0x00003fe3   Thumb Code     2  hc32f460_ll_interrupts_share.o(i.SPI3_Idle_IrqHandler)
    SPI3_RxFull_IrqHandler                   0x00003fe5   Thumb Code     2  hc32f460_ll_interrupts_share.o(i.SPI3_RxFull_IrqHandler)
    SPI3_TxEmpty_IrqHandler                  0x00003fe7   Thumb Code     2  hc32f460_ll_interrupts_share.o(i.SPI3_TxEmpty_IrqHandler)
    SPI4_Error_IrqHandler                    0x00003fe9   Thumb Code     2  hc32f460_ll_interrupts_share.o(i.SPI4_Error_IrqHandler)
    SPI4_Idle_IrqHandler                     0x00003feb   Thumb Code     2  hc32f460_ll_interrupts_share.o(i.SPI4_Idle_IrqHandler)
    SPI4_RxFull_IrqHandler                   0x00003fed   Thumb Code     2  hc32f460_ll_interrupts_share.o(i.SPI4_RxFull_IrqHandler)
    SPI4_TxEmpty_IrqHandler                  0x00003fef   Thumb Code     2  hc32f460_ll_interrupts_share.o(i.SPI4_TxEmpty_IrqHandler)
    SPI_Cmd                                  0x00003ff1   Thumb Code   118  hc32_ll_spi.o(i.SPI_Cmd)
    SPI_DelayStructInit                      0x00004095   Thumb Code    20  hc32_ll_spi.o(i.SPI_DelayStructInit)
    SPI_DelayTimeConfig                      0x000040a9   Thumb Code   428  hc32_ll_spi.o(i.SPI_DelayTimeConfig)
    SPI_Init                                 0x00004281   Thumb Code   642  hc32_ll_spi.o(i.SPI_Init)
    SPI_ParityCheckCmd                       0x00004531   Thumb Code    92  hc32_ll_spi.o(i.SPI_ParityCheckCmd)
    SPI_SSPinSelect                          0x000045b9   Thumb Code   150  hc32_ll_spi.o(i.SPI_SSPinSelect)
    SPI_SetLoopbackMode                      0x0000467d   Thumb Code    88  hc32_ll_spi.o(i.SPI_SetLoopbackMode)
    SPI_SetSSValidLevel                      0x00004701   Thumb Code   130  hc32_ll_spi.o(i.SPI_SetSSValidLevel)
    SPI_StructInit                           0x000047b1   Thumb Code    46  hc32_ll_spi.o(i.SPI_StructInit)
    SRAM_SetWaitCycle                        0x000047e1   Thumb Code   182  hc32_ll_sram.o(i.SRAM_SetWaitCycle)
    SWDT_IrqHandler                          0x000048b9   Thumb Code     2  hc32f460_ll_interrupts_share.o(i.SWDT_IrqHandler)
    Speed_Decision_S                         0x00004ccd   Thumb Code   296  control_step.o(i.Speed_Decision_S)
    Stepper_Move_S                           0x00004e11   Thumb Code   220  control_step.o(i.Stepper_Move_S)
    Stepper_start                            0x00004f09   Thumb Code    12  control_step.o(i.Stepper_start)
    SystemCoreClockUpdate                    0x00004f15   Thumb Code   174  system_hc32f460.o(i.SystemCoreClockUpdate)
    SystemInit                               0x00004fe1   Thumb Code    14  system_hc32f460.o(i.SystemInit)
    TMR0_1_CmpA_IrqHandler                   0x00004ff5   Thumb Code     2  hc32f460_ll_interrupts_share.o(i.TMR0_1_CmpA_IrqHandler)
    TMR0_1_CmpB_IrqHandler                   0x00004ff7   Thumb Code     2  hc32f460_ll_interrupts_share.o(i.TMR0_1_CmpB_IrqHandler)
    TMR0_2_CmpA_IrqHandler                   0x00004ff9   Thumb Code     2  hc32f460_ll_interrupts_share.o(i.TMR0_2_CmpA_IrqHandler)
    TMR0_2_CmpB_IrqHandler                   0x00004ffb   Thumb Code     2  hc32f460_ll_interrupts_share.o(i.TMR0_2_CmpB_IrqHandler)
    TMR4_1_GCmpUH_IrqHandler                 0x00004ffd   Thumb Code     2  hc32f460_ll_interrupts_share.o(i.TMR4_1_GCmpUH_IrqHandler)
    TMR4_1_GCmpUL_IrqHandler                 0x00004fff   Thumb Code     2  hc32f460_ll_interrupts_share.o(i.TMR4_1_GCmpUL_IrqHandler)
    TMR4_1_GCmpVH_IrqHandler                 0x00005001   Thumb Code     2  hc32f460_ll_interrupts_share.o(i.TMR4_1_GCmpVH_IrqHandler)
    TMR4_1_GCmpVL_IrqHandler                 0x00005003   Thumb Code     2  hc32f460_ll_interrupts_share.o(i.TMR4_1_GCmpVL_IrqHandler)
    TMR4_1_GCmpWH_IrqHandler                 0x00005005   Thumb Code     2  hc32f460_ll_interrupts_share.o(i.TMR4_1_GCmpWH_IrqHandler)
    TMR4_1_GCmpWL_IrqHandler                 0x00005007   Thumb Code     2  hc32f460_ll_interrupts_share.o(i.TMR4_1_GCmpWL_IrqHandler)
    TMR4_1_GOvf_IrqHandler                   0x00005009   Thumb Code     2  hc32f460_ll_interrupts_share.o(i.TMR4_1_GOvf_IrqHandler)
    TMR4_1_GUdf_IrqHandler                   0x0000500b   Thumb Code     2  hc32f460_ll_interrupts_share.o(i.TMR4_1_GUdf_IrqHandler)
    TMR4_1_ReloadU_IrqHandler                0x0000500d   Thumb Code     2  hc32f460_ll_interrupts_share.o(i.TMR4_1_ReloadU_IrqHandler)
    TMR4_1_ReloadV_IrqHandler                0x0000500f   Thumb Code     2  hc32f460_ll_interrupts_share.o(i.TMR4_1_ReloadV_IrqHandler)
    TMR4_1_ReloadW_IrqHandler                0x00005011   Thumb Code     2  hc32f460_ll_interrupts_share.o(i.TMR4_1_ReloadW_IrqHandler)
    TMR4_2_GCmpUH_IrqHandler                 0x00005013   Thumb Code     2  hc32f460_ll_interrupts_share.o(i.TMR4_2_GCmpUH_IrqHandler)
    TMR4_2_GCmpUL_IrqHandler                 0x00005015   Thumb Code     2  hc32f460_ll_interrupts_share.o(i.TMR4_2_GCmpUL_IrqHandler)
    TMR4_2_GCmpVH_IrqHandler                 0x00005017   Thumb Code     2  hc32f460_ll_interrupts_share.o(i.TMR4_2_GCmpVH_IrqHandler)
    TMR4_2_GCmpVL_IrqHandler                 0x00005019   Thumb Code     2  hc32f460_ll_interrupts_share.o(i.TMR4_2_GCmpVL_IrqHandler)
    TMR4_2_GCmpWH_IrqHandler                 0x0000501b   Thumb Code     2  hc32f460_ll_interrupts_share.o(i.TMR4_2_GCmpWH_IrqHandler)
    TMR4_2_GCmpWL_IrqHandler                 0x0000501d   Thumb Code     2  hc32f460_ll_interrupts_share.o(i.TMR4_2_GCmpWL_IrqHandler)
    TMR4_2_GOvf_IrqHandler                   0x0000501f   Thumb Code     2  hc32f460_ll_interrupts_share.o(i.TMR4_2_GOvf_IrqHandler)
    TMR4_2_GUdf_IrqHandler                   0x00005021   Thumb Code     2  hc32f460_ll_interrupts_share.o(i.TMR4_2_GUdf_IrqHandler)
    TMR4_2_ReloadU_IrqHandler                0x00005023   Thumb Code     2  hc32f460_ll_interrupts_share.o(i.TMR4_2_ReloadU_IrqHandler)
    TMR4_2_ReloadV_IrqHandler                0x00005025   Thumb Code     2  hc32f460_ll_interrupts_share.o(i.TMR4_2_ReloadV_IrqHandler)
    TMR4_2_ReloadW_IrqHandler                0x00005027   Thumb Code     2  hc32f460_ll_interrupts_share.o(i.TMR4_2_ReloadW_IrqHandler)
    TMR4_3_GCmpUH_IrqHandler                 0x00005029   Thumb Code     2  hc32f460_ll_interrupts_share.o(i.TMR4_3_GCmpUH_IrqHandler)
    TMR4_3_GCmpUL_IrqHandler                 0x0000502b   Thumb Code     2  hc32f460_ll_interrupts_share.o(i.TMR4_3_GCmpUL_IrqHandler)
    TMR4_3_GCmpVH_IrqHandler                 0x0000502d   Thumb Code     2  hc32f460_ll_interrupts_share.o(i.TMR4_3_GCmpVH_IrqHandler)
    TMR4_3_GCmpVL_IrqHandler                 0x0000502f   Thumb Code     2  hc32f460_ll_interrupts_share.o(i.TMR4_3_GCmpVL_IrqHandler)
    TMR4_3_GCmpWH_IrqHandler                 0x00005031   Thumb Code     2  hc32f460_ll_interrupts_share.o(i.TMR4_3_GCmpWH_IrqHandler)
    TMR4_3_GCmpWL_IrqHandler                 0x00005033   Thumb Code     2  hc32f460_ll_interrupts_share.o(i.TMR4_3_GCmpWL_IrqHandler)
    TMR4_3_GOvf_IrqHandler                   0x00005035   Thumb Code     2  hc32f460_ll_interrupts_share.o(i.TMR4_3_GOvf_IrqHandler)
    TMR4_3_GUdf_IrqHandler                   0x00005037   Thumb Code     2  hc32f460_ll_interrupts_share.o(i.TMR4_3_GUdf_IrqHandler)
    TMR4_3_ReloadU_IrqHandler                0x00005039   Thumb Code     2  hc32f460_ll_interrupts_share.o(i.TMR4_3_ReloadU_IrqHandler)
    TMR4_3_ReloadV_IrqHandler                0x0000503b   Thumb Code     2  hc32f460_ll_interrupts_share.o(i.TMR4_3_ReloadV_IrqHandler)
    TMR4_3_ReloadW_IrqHandler                0x0000503d   Thumb Code     2  hc32f460_ll_interrupts_share.o(i.TMR4_3_ReloadW_IrqHandler)
    TMR6_1_GCmpA_IrqHandler                  0x0000503f   Thumb Code     2  hc32f460_ll_interrupts_share.o(i.TMR6_1_GCmpA_IrqHandler)
    TMR6_1_GCmpB_IrqHandler                  0x00005041   Thumb Code     2  hc32f460_ll_interrupts_share.o(i.TMR6_1_GCmpB_IrqHandler)
    TMR6_1_GCmpC_IrqHandler                  0x00005043   Thumb Code     2  hc32f460_ll_interrupts_share.o(i.TMR6_1_GCmpC_IrqHandler)
    TMR6_1_GCmpD_IrqHandler                  0x00005045   Thumb Code     2  hc32f460_ll_interrupts_share.o(i.TMR6_1_GCmpD_IrqHandler)
    TMR6_1_GCmpE_IrqHandler                  0x00005047   Thumb Code     2  hc32f460_ll_interrupts_share.o(i.TMR6_1_GCmpE_IrqHandler)
    TMR6_1_GCmpF_IrqHandler                  0x00005049   Thumb Code     2  hc32f460_ll_interrupts_share.o(i.TMR6_1_GCmpF_IrqHandler)
    TMR6_1_GDte_IrqHandler                   0x0000504b   Thumb Code     2  hc32f460_ll_interrupts_share.o(i.TMR6_1_GDte_IrqHandler)
    TMR6_1_GOvf_IrqHandler                   0x0000504d   Thumb Code     2  hc32f460_ll_interrupts_share.o(i.TMR6_1_GOvf_IrqHandler)
    TMR6_1_GUdf_IrqHandler                   0x0000504f   Thumb Code     2  hc32f460_ll_interrupts_share.o(i.TMR6_1_GUdf_IrqHandler)
    TMR6_1_SCmpA_IrqHandler                  0x00005051   Thumb Code     2  hc32f460_ll_interrupts_share.o(i.TMR6_1_SCmpA_IrqHandler)
    TMR6_1_SCmpB_IrqHandler                  0x00005053   Thumb Code     2  hc32f460_ll_interrupts_share.o(i.TMR6_1_SCmpB_IrqHandler)
    TMR6_2_GCmpA_IrqHandler                  0x00005055   Thumb Code     2  hc32f460_ll_interrupts_share.o(i.TMR6_2_GCmpA_IrqHandler)
    TMR6_2_GCmpB_IrqHandler                  0x00005057   Thumb Code     2  hc32f460_ll_interrupts_share.o(i.TMR6_2_GCmpB_IrqHandler)
    TMR6_2_GCmpC_IrqHandler                  0x00005059   Thumb Code     2  hc32f460_ll_interrupts_share.o(i.TMR6_2_GCmpC_IrqHandler)
    TMR6_2_GCmpD_IrqHandler                  0x0000505b   Thumb Code     2  hc32f460_ll_interrupts_share.o(i.TMR6_2_GCmpD_IrqHandler)
    TMR6_2_GCmpE_IrqHandler                  0x0000505d   Thumb Code     2  hc32f460_ll_interrupts_share.o(i.TMR6_2_GCmpE_IrqHandler)
    TMR6_2_GCmpF_IrqHandler                  0x0000505f   Thumb Code     2  hc32f460_ll_interrupts_share.o(i.TMR6_2_GCmpF_IrqHandler)
    TMR6_2_GDte_IrqHandler                   0x00005061   Thumb Code     2  hc32f460_ll_interrupts_share.o(i.TMR6_2_GDte_IrqHandler)
    TMR6_2_GOvf_IrqHandler                   0x00005063   Thumb Code     2  hc32f460_ll_interrupts_share.o(i.TMR6_2_GOvf_IrqHandler)
    TMR6_2_GUdf_IrqHandler                   0x00005065   Thumb Code     2  hc32f460_ll_interrupts_share.o(i.TMR6_2_GUdf_IrqHandler)
    TMR6_2_SCmpA_IrqHandler                  0x00005067   Thumb Code     2  hc32f460_ll_interrupts_share.o(i.TMR6_2_SCmpA_IrqHandler)
    TMR6_2_SCmpB_IrqHandler                  0x00005069   Thumb Code     2  hc32f460_ll_interrupts_share.o(i.TMR6_2_SCmpB_IrqHandler)
    TMR6_3_GCmpA_IrqHandler                  0x0000506b   Thumb Code     2  hc32f460_ll_interrupts_share.o(i.TMR6_3_GCmpA_IrqHandler)
    TMR6_3_GCmpB_IrqHandler                  0x0000506d   Thumb Code     2  hc32f460_ll_interrupts_share.o(i.TMR6_3_GCmpB_IrqHandler)
    TMR6_3_GCmpC_IrqHandler                  0x0000506f   Thumb Code     2  hc32f460_ll_interrupts_share.o(i.TMR6_3_GCmpC_IrqHandler)
    TMR6_3_GCmpD_IrqHandler                  0x00005071   Thumb Code     2  hc32f460_ll_interrupts_share.o(i.TMR6_3_GCmpD_IrqHandler)
    TMR6_3_GCmpE_IrqHandler                  0x00005073   Thumb Code     2  hc32f460_ll_interrupts_share.o(i.TMR6_3_GCmpE_IrqHandler)
    TMR6_3_GCmpF_IrqHandler                  0x00005075   Thumb Code     2  hc32f460_ll_interrupts_share.o(i.TMR6_3_GCmpF_IrqHandler)
    TMR6_3_GDte_IrqHandler                   0x00005077   Thumb Code     2  hc32f460_ll_interrupts_share.o(i.TMR6_3_GDte_IrqHandler)
    TMR6_3_GOvf_IrqHandler                   0x00005079   Thumb Code     2  hc32f460_ll_interrupts_share.o(i.TMR6_3_GOvf_IrqHandler)
    TMR6_3_GUdf_IrqHandler                   0x0000507b   Thumb Code     2  hc32f460_ll_interrupts_share.o(i.TMR6_3_GUdf_IrqHandler)
    TMR6_3_SCmpA_IrqHandler                  0x0000507d   Thumb Code     2  hc32f460_ll_interrupts_share.o(i.TMR6_3_SCmpA_IrqHandler)
    TMR6_3_SCmpB_IrqHandler                  0x0000507f   Thumb Code     2  hc32f460_ll_interrupts_share.o(i.TMR6_3_SCmpB_IrqHandler)
    TMRA_1_Cmp_IrqHandler                    0x00005081   Thumb Code     2  hc32f460_ll_interrupts_share.o(i.TMRA_1_Cmp_IrqHandler)
    TMRA_1_Ovf_IrqHandler                    0x00005083   Thumb Code     2  hc32f460_ll_interrupts_share.o(i.TMRA_1_Ovf_IrqHandler)
    TMRA_1_Udf_IrqHandler                    0x00005085   Thumb Code     2  hc32f460_ll_interrupts_share.o(i.TMRA_1_Udf_IrqHandler)
    TMRA_2_Cmp_IrqHandler                    0x00005087   Thumb Code     2  hc32f460_ll_interrupts_share.o(i.TMRA_2_Cmp_IrqHandler)
    TMRA_2_Ovf_IrqHandler                    0x00005089   Thumb Code     2  hc32f460_ll_interrupts_share.o(i.TMRA_2_Ovf_IrqHandler)
    TMRA_2_Udf_IrqHandler                    0x0000508b   Thumb Code     2  hc32f460_ll_interrupts_share.o(i.TMRA_2_Udf_IrqHandler)
    TMRA_3_Cmp_IrqHandler                    0x0000508d   Thumb Code     2  hc32f460_ll_interrupts_share.o(i.TMRA_3_Cmp_IrqHandler)
    TMRA_3_Ovf_IrqHandler                    0x0000508f   Thumb Code     2  hc32f460_ll_interrupts_share.o(i.TMRA_3_Ovf_IrqHandler)
    TMRA_3_Udf_IrqHandler                    0x00005091   Thumb Code     2  hc32f460_ll_interrupts_share.o(i.TMRA_3_Udf_IrqHandler)
    TMRA_4_Cmp_IrqHandler                    0x00005093   Thumb Code     2  hc32f460_ll_interrupts_share.o(i.TMRA_4_Cmp_IrqHandler)
    TMRA_4_Ovf_IrqHandler                    0x00005095   Thumb Code     2  hc32f460_ll_interrupts_share.o(i.TMRA_4_Ovf_IrqHandler)
    TMRA_4_Udf_IrqHandler                    0x00005097   Thumb Code     2  hc32f460_ll_interrupts_share.o(i.TMRA_4_Udf_IrqHandler)
    TMRA_5_Cmp_IrqHandler                    0x00005099   Thumb Code     2  hc32f460_ll_interrupts_share.o(i.TMRA_5_Cmp_IrqHandler)
    TMRA_5_Ovf_IrqHandler                    0x0000509b   Thumb Code     2  hc32f460_ll_interrupts_share.o(i.TMRA_5_Ovf_IrqHandler)
    TMRA_5_Udf_IrqHandler                    0x0000509d   Thumb Code     2  hc32f460_ll_interrupts_share.o(i.TMRA_5_Udf_IrqHandler)
    TMRA_6_Cmp_IrqHandler                    0x0000509f   Thumb Code     2  hc32f460_ll_interrupts_share.o(i.TMRA_6_Cmp_IrqHandler)
    TMRA_6_Ovf_IrqHandler                    0x000050a1   Thumb Code     2  hc32f460_ll_interrupts_share.o(i.TMRA_6_Ovf_IrqHandler)
    TMRA_6_Udf_IrqHandler                    0x000050a3   Thumb Code     2  hc32f460_ll_interrupts_share.o(i.TMRA_6_Udf_IrqHandler)
    TMRA_ClearStatus                         0x000050a5   Thumb Code   100  hc32_ll_tmra.o(i.TMRA_ClearStatus)
    TMRA_GetCountValue                       0x00005141   Thumb Code    60  hc32_ll_tmra.o(i.TMRA_GetCountValue)
    TMRA_Init                                0x000051b1   Thumb Code   346  hc32_ll_tmra.o(i.TMRA_Init)
    TMRA_IntCmd                              0x00005341   Thumb Code   180  hc32_ll_tmra.o(i.TMRA_IntCmd)
    TMRA_PWM_Init                            0x0000542d   Thumb Code   278  hc32_ll_tmra.o(i.TMRA_PWM_Init)
    TMRA_PWM_OutputCmd                       0x00005579   Thumb Code   112  hc32_ll_tmra.o(i.TMRA_PWM_OutputCmd)
    TMRA_PWM_StructInit                      0x0000561d   Thumb Code    30  hc32_ll_tmra.o(i.TMRA_PWM_StructInit)
    TMRA_SetCompareValue                     0x0000563d   Thumb Code    80  hc32_ll_tmra.o(i.TMRA_SetCompareValue)
    TMRA_SetCountValue                       0x000056c1   Thumb Code    62  hc32_ll_tmra.o(i.TMRA_SetCountValue)
    TMRA_SetFunc                             0x00005735   Thumb Code   116  hc32_ll_tmra.o(i.TMRA_SetFunc)
    TMRA_SetPeriodValue                      0x000057dd   Thumb Code    62  hc32_ll_tmra.o(i.TMRA_SetPeriodValue)
    TMRA_Start                               0x00005851   Thumb Code    70  hc32_ll_tmra.o(i.TMRA_Start)
    TMRA_StructInit                          0x000058cd   Thumb Code    36  hc32_ll_tmra.o(i.TMRA_StructInit)
    USART1_RxError_IrqHandler                0x000058f1   Thumb Code     2  hc32f460_ll_interrupts_share.o(i.USART1_RxError_IrqHandler)
    USART1_RxFull_IrqHandler                 0x000058f3   Thumb Code     2  hc32f460_ll_interrupts_share.o(i.USART1_RxFull_IrqHandler)
    USART1_RxTO_IrqHandler                   0x000058f5   Thumb Code     2  hc32f460_ll_interrupts_share.o(i.USART1_RxTO_IrqHandler)
    USART1_TxComplete_IrqHandler             0x000058f7   Thumb Code     2  hc32f460_ll_interrupts_share.o(i.USART1_TxComplete_IrqHandler)
    USART1_TxEmpty_IrqHandler                0x000058f9   Thumb Code     2  hc32f460_ll_interrupts_share.o(i.USART1_TxEmpty_IrqHandler)
    USART2_RxError_IrqHandler                0x000058fb   Thumb Code     2  hc32f460_ll_interrupts_share.o(i.USART2_RxError_IrqHandler)
    USART2_RxFull_IrqHandler                 0x000058fd   Thumb Code     2  hc32f460_ll_interrupts_share.o(i.USART2_RxFull_IrqHandler)
    USART2_RxTO_IrqHandler                   0x000058ff   Thumb Code     2  hc32f460_ll_interrupts_share.o(i.USART2_RxTO_IrqHandler)
    USART2_TxComplete_IrqHandler             0x00005901   Thumb Code     2  hc32f460_ll_interrupts_share.o(i.USART2_TxComplete_IrqHandler)
    USART2_TxEmpty_IrqHandler                0x00005903   Thumb Code     2  hc32f460_ll_interrupts_share.o(i.USART2_TxEmpty_IrqHandler)
    USART3_RxError_IrqHandler                0x00005905   Thumb Code     2  hc32f460_ll_interrupts_share.o(i.USART3_RxError_IrqHandler)
    USART3_RxFull_IrqHandler                 0x00005907   Thumb Code     2  hc32f460_ll_interrupts_share.o(i.USART3_RxFull_IrqHandler)
    USART3_RxTO_IrqHandler                   0x00005909   Thumb Code     2  hc32f460_ll_interrupts_share.o(i.USART3_RxTO_IrqHandler)
    USART3_TxComplete_IrqHandler             0x0000590b   Thumb Code     2  hc32f460_ll_interrupts_share.o(i.USART3_TxComplete_IrqHandler)
    USART3_TxEmpty_IrqHandler                0x0000590d   Thumb Code     2  hc32f460_ll_interrupts_share.o(i.USART3_TxEmpty_IrqHandler)
    USART4_RxError_IrqHandler                0x0000590f   Thumb Code     2  hc32f460_ll_interrupts_share.o(i.USART4_RxError_IrqHandler)
    USART4_RxFull_IrqHandler                 0x00005911   Thumb Code     2  hc32f460_ll_interrupts_share.o(i.USART4_RxFull_IrqHandler)
    USART4_RxTO_IrqHandler                   0x00005913   Thumb Code     2  hc32f460_ll_interrupts_share.o(i.USART4_RxTO_IrqHandler)
    USART4_TxComplete_IrqHandler             0x00005915   Thumb Code     2  hc32f460_ll_interrupts_share.o(i.USART4_TxComplete_IrqHandler)
    USART4_TxEmpty_IrqHandler                0x00005917   Thumb Code     2  hc32f460_ll_interrupts_share.o(i.USART4_TxEmpty_IrqHandler)
    USBFS_Global_IrqHandler                  0x00005919   Thumb Code     2  hc32f460_ll_interrupts_share.o(i.USBFS_Global_IrqHandler)
    WDT_IrqHandler                           0x0000591b   Thumb Code     2  hc32f460_ll_interrupts_share.o(i.WDT_IrqHandler)
    __ARM_fpclassifyf                        0x0000591d   Thumb Code    38  fpclassifyf.o(i.__ARM_fpclassifyf)
    __mathlib_flt_infnan                     0x000059ad   Thumb Code     6  funder.o(i.__mathlib_flt_infnan)
    __mathlib_flt_overflow                   0x000059b3   Thumb Code    10  funder.o(i.__mathlib_flt_overflow)
    __mathlib_flt_underflow                  0x000059bd   Thumb Code    10  funder.o(i.__mathlib_flt_underflow)
    __scatterload_copy                       0x000059c7   Thumb Code    14  handlers.o(i.__scatterload_copy)
    __scatterload_null                       0x000059d5   Thumb Code     2  handlers.o(i.__scatterload_null)
    __scatterload_zeroinit                   0x000059d7   Thumb Code    14  handlers.o(i.__scatterload_zeroinit)
    __set_errno                              0x000059e5   Thumb Code     6  errno.o(i.__set_errno)
    __mathlib_expf                           0x000059f1   Thumb Code     0  expf.o(i.expf)
    expf                                     0x000059f1   Thumb Code   322  expf.o(i.expf)
    main                                     0x00005b61   Thumb Code   100  main.o(i.main)
    Region$$Table$$Base                      0x00005c04   Number         0  anon$$obj.o(Region$$Table)
    Region$$Table$$Limit                     0x00005c24   Number         0  anon$$obj.o(Region$$Table)
    ecode                                    0x1fff8000   Data           1  control_step.o(.data)
    n                                        0x1fff8004   Data           4  control_step.o(.data)
    ns                                       0x1fff8008   Data           4  control_step.o(.data)
    dir_                                     0x1fff800c   Data           1  control_step.o(.data)
    cmd                                      0x1fff800d   Data           1  control_step.o(.data)
    vn                                       0x1fff8014   Data           4  tim.o(.data)
    vs                                       0x1fff8018   Data           4  tim.o(.data)
    Speed                                    0x1fff8024   Data       80028  control_step.o(.bss)
    Stepper                                  0x2000b8c0   Data          12  control_step.o(.bss)
    SystemCoreClock                          0x2000bacc   Data           4  system_hc32f460.o(.bss.noinit)
    HRC_VALUE                                0x2000bad0   Data           4  system_hc32f460.o(.bss.noinit)
    __initial_sp                             0x2000dad8   Data           0  startup_hc32f460.o(STACK)



==============================================================================

Memory Map of the image

  Image Entry point : 0x00000281

  Load Region LR_IROM1 (Base: 0x00000000, Size: 0x00005c48, Max: 0x00080000, ABSOLUTE)

    Execution Region ER_IROM1 (Exec base: 0x00000000, Load base: 0x00000000, Size: 0x00005c24, Max: 0x00080000, ABSOLUTE)

    Exec Addr    Load Addr    Size         Type   Attr      Idx    E Section Name        Object

    0x00000000   0x00000000   0x00000280   Data   RO            3    RESET               startup_hc32f460.o
    0x00000280   0x00000280   0x00000000   Code   RO         4554  * .ARM.Collect$$$$00000000  mc_w.l(entry.o)
    0x00000280   0x00000280   0x00000004   Code   RO         4624    .ARM.Collect$$$$00000001  mc_w.l(entry2.o)
    0x00000284   0x00000284   0x00000004   Code   RO         4627    .ARM.Collect$$$$00000004  mc_w.l(entry5.o)
    0x00000288   0x00000288   0x00000000   Code   RO         4629    .ARM.Collect$$$$00000008  mc_w.l(entry7b.o)
    0x00000288   0x00000288   0x00000000   Code   RO         4631    .ARM.Collect$$$$0000000A  mc_w.l(entry8b.o)
    0x00000288   0x00000288   0x00000008   Code   RO         4632    .ARM.Collect$$$$0000000B  mc_w.l(entry9a.o)
    0x00000290   0x00000290   0x00000000   Code   RO         4634    .ARM.Collect$$$$0000000D  mc_w.l(entry10a.o)
    0x00000290   0x00000290   0x00000000   Code   RO         4636    .ARM.Collect$$$$0000000F  mc_w.l(entry11a.o)
    0x00000290   0x00000290   0x00000004   Code   RO         4625    .ARM.Collect$$$$00002712  mc_w.l(entry2.o)
    0x00000294   0x00000294   0x00000064   Code   RO            4    .text               startup_hc32f460.o
    0x000002f8   0x000002f8   0x00000024   Code   RO         4557    .text               mc_w.l(memseta.o)
    0x0000031c   0x0000031c   0x000000b0   Code   RO         4559    .text               mf_w.l(fadd.o)
    0x000003cc   0x000003cc   0x00000012   Code   RO         4567    .text               mf_w.l(fflti.o)
    0x000003de   0x000003de   0x00000002   PAD
    0x000003e0   0x000003e0   0x00000014   Code   RO         4579    .text               mf_w.l(cfcmple.o)
    0x000003f4   0x000003f4   0x00000000   Code   RO         4647    .text               mc_w.l(iusefp.o)
    0x000003f4   0x000003f4   0x00000002   Code   RO         2653    i.ADC1_ChCmp_IrqHandler  hc32f460_ll_interrupts_share.o
    0x000003f6   0x000003f6   0x00000002   Code   RO         2654    i.ADC1_SeqA_IrqHandler  hc32f460_ll_interrupts_share.o
    0x000003f8   0x000003f8   0x00000002   Code   RO         2655    i.ADC1_SeqB_IrqHandler  hc32f460_ll_interrupts_share.o
    0x000003fa   0x000003fa   0x00000002   Code   RO         2656    i.ADC1_SeqCmp_IrqHandler  hc32f460_ll_interrupts_share.o
    0x000003fc   0x000003fc   0x00000002   Code   RO         2657    i.ADC2_ChCmp_IrqHandler  hc32f460_ll_interrupts_share.o
    0x000003fe   0x000003fe   0x00000002   Code   RO         2658    i.ADC2_SeqA_IrqHandler  hc32f460_ll_interrupts_share.o
    0x00000400   0x00000400   0x00000020   Data   RO          400    .ARM.__AT_0x00000400  hc32_ll_icg.o
    0x00000420   0x00000420   0x00000064   Code   RO         4561    .text               mf_w.l(fmul.o)
    0x00000484   0x00000484   0x0000007c   Code   RO         4563    .text               mf_w.l(fdiv.o)
    0x00000500   0x00000500   0x00000032   Code   RO         4569    .text               mf_w.l(ffixi.o)
    0x00000532   0x00000532   0x00000028   Code   RO         4571    .text               mf_w.l(ffixui.o)
    0x0000055a   0x0000055a   0x0000006e   Code   RO         4648    .text               mf_w.l(fepilogue.o)
    0x000005c8   0x000005c8   0x00000018   Code   RO         4650    .text               mf_w.l(fscalb.o)
    0x000005e0   0x000005e0   0x0000003c   Code   RO         4652    .text               mf_w.l(frnd.o)
    0x0000061c   0x0000061c   0x00000024   Code   RO         4668    .text               mc_w.l(init.o)
    0x00000640   0x00000640   0x00000002   Code   RO         2659    i.ADC2_SeqB_IrqHandler  hc32f460_ll_interrupts_share.o
    0x00000642   0x00000642   0x00000002   Code   RO         2660    i.ADC2_SeqCmp_IrqHandler  hc32f460_ll_interrupts_share.o
    0x00000644   0x00000644   0x000000b4   Code   RO          274    i.App_ClkCfg        tim.o
    0x000006f8   0x000006f8   0x00000094   Code   RO          275    i.App_IntCfg        tim.o
    0x0000078c   0x0000078c   0x00000090   Code   RO          187    i.App_PortCfg       control_step.o
    0x0000081c   0x0000081c   0x0000008c   Code   RO         4474    i.App_SPIxCfg       mp6602.o
    0x000008a8   0x000008a8   0x000000d0   Code   RO          276    i.App_TimerACfg     tim.o
    0x00000978   0x00000978   0x00000002   Code   RO         2661    i.CAN_IrqHandler    hc32f460_ll_interrupts_share.o
    0x0000097a   0x0000097a   0x00000002   PAD
    0x0000097c   0x0000097c   0x00000050   Code   RO         1145    i.CLK_GetStableStatus  hc32_ll_clk.o
    0x000009cc   0x000009cc   0x000000b8   Code   RO         1155    i.CLK_PLLCmd        hc32_ll_clk.o
    0x00000a84   0x00000a84   0x00000294   Code   RO         1156    i.CLK_PLLInit       hc32_ll_clk.o
    0x00000d18   0x00000d18   0x00000052   Code   RO         1157    i.CLK_PLLStructInit  hc32_ll_clk.o
    0x00000d6a   0x00000d6a   0x00000014   Code   RO         1161    i.CLK_SetClockDiv   hc32_ll_clk.o
    0x00000d7e   0x00000d7e   0x00000010   Code   RO         1165    i.CLK_SetSysClockSrc  hc32_ll_clk.o
    0x00000d8e   0x00000d8e   0x00000030   Code   RO         1170    i.CLK_WaitStable    hc32_ll_clk.o
    0x00000dbe   0x00000dbe   0x00000002   PAD
    0x00000dc0   0x00000dc0   0x000000b4   Code   RO         1174    i.CLK_XtalCmd       hc32_ll_clk.o
    0x00000e74   0x00000e74   0x00000134   Code   RO         1175    i.CLK_XtalInit      hc32_ll_clk.o
    0x00000fa8   0x00000fa8   0x00000002   Code   RO         2662    i.CLK_XtalStop_IrqHandler  hc32f460_ll_interrupts_share.o
    0x00000faa   0x00000faa   0x0000001e   Code   RO         1178    i.CLK_XtalStructInit  hc32_ll_clk.o
    0x00000fc8   0x00000fc8   0x00000184   Code   RO          188    i.Calcspeed_e       control_step.o
    0x0000114c   0x0000114c   0x00000002   Code   RO         2663    i.DCU1_IrqHandler   hc32f460_ll_interrupts_share.o
    0x0000114e   0x0000114e   0x00000002   Code   RO         2664    i.DCU2_IrqHandler   hc32f460_ll_interrupts_share.o
    0x00001150   0x00001150   0x00000002   Code   RO         2665    i.DCU3_IrqHandler   hc32f460_ll_interrupts_share.o
    0x00001152   0x00001152   0x00000002   Code   RO         2666    i.DCU4_IrqHandler   hc32f460_ll_interrupts_share.o
    0x00001154   0x00001154   0x00000004   Code   RO          421    i.DDL_AssertHandler  hc32_ll_utility.o
    0x00001158   0x00001158   0x00000040   Code   RO          423    i.DDL_DelayUS       hc32_ll_utility.o
    0x00001198   0x00001198   0x00000002   Code   RO         2667    i.DMA1_BTC0_IrqHandler  hc32f460_ll_interrupts_share.o
    0x0000119a   0x0000119a   0x00000002   Code   RO         2668    i.DMA1_BTC1_IrqHandler  hc32f460_ll_interrupts_share.o
    0x0000119c   0x0000119c   0x00000002   Code   RO         2669    i.DMA1_BTC2_IrqHandler  hc32f460_ll_interrupts_share.o
    0x0000119e   0x0000119e   0x00000002   Code   RO         2670    i.DMA1_BTC3_IrqHandler  hc32f460_ll_interrupts_share.o
    0x000011a0   0x000011a0   0x00000002   Code   RO         2671    i.DMA1_Error0_IrqHandler  hc32f460_ll_interrupts_share.o
    0x000011a2   0x000011a2   0x00000002   Code   RO         2672    i.DMA1_Error1_IrqHandler  hc32f460_ll_interrupts_share.o
    0x000011a4   0x000011a4   0x00000002   Code   RO         2673    i.DMA1_Error2_IrqHandler  hc32f460_ll_interrupts_share.o
    0x000011a6   0x000011a6   0x00000002   Code   RO         2674    i.DMA1_Error3_IrqHandler  hc32f460_ll_interrupts_share.o
    0x000011a8   0x000011a8   0x00000002   Code   RO         2675    i.DMA1_TC0_IrqHandler  hc32f460_ll_interrupts_share.o
    0x000011aa   0x000011aa   0x00000002   Code   RO         2676    i.DMA1_TC1_IrqHandler  hc32f460_ll_interrupts_share.o
    0x000011ac   0x000011ac   0x00000002   Code   RO         2677    i.DMA1_TC2_IrqHandler  hc32f460_ll_interrupts_share.o
    0x000011ae   0x000011ae   0x00000002   Code   RO         2678    i.DMA1_TC3_IrqHandler  hc32f460_ll_interrupts_share.o
    0x000011b0   0x000011b0   0x00000002   Code   RO         2679    i.DMA2_BTC0_IrqHandler  hc32f460_ll_interrupts_share.o
    0x000011b2   0x000011b2   0x00000002   Code   RO         2680    i.DMA2_BTC1_IrqHandler  hc32f460_ll_interrupts_share.o
    0x000011b4   0x000011b4   0x00000002   Code   RO         2681    i.DMA2_BTC2_IrqHandler  hc32f460_ll_interrupts_share.o
    0x000011b6   0x000011b6   0x00000002   Code   RO         2682    i.DMA2_BTC3_IrqHandler  hc32f460_ll_interrupts_share.o
    0x000011b8   0x000011b8   0x00000002   Code   RO         2683    i.DMA2_Error0_IrqHandler  hc32f460_ll_interrupts_share.o
    0x000011ba   0x000011ba   0x00000002   Code   RO         2684    i.DMA2_Error1_IrqHandler  hc32f460_ll_interrupts_share.o
    0x000011bc   0x000011bc   0x00000002   Code   RO         2685    i.DMA2_Error2_IrqHandler  hc32f460_ll_interrupts_share.o
    0x000011be   0x000011be   0x00000002   Code   RO         2686    i.DMA2_Error3_IrqHandler  hc32f460_ll_interrupts_share.o
    0x000011c0   0x000011c0   0x00000002   Code   RO         2687    i.DMA2_TC0_IrqHandler  hc32f460_ll_interrupts_share.o
    0x000011c2   0x000011c2   0x00000002   Code   RO         2688    i.DMA2_TC1_IrqHandler  hc32f460_ll_interrupts_share.o
    0x000011c4   0x000011c4   0x00000002   Code   RO         2689    i.DMA2_TC2_IrqHandler  hc32f460_ll_interrupts_share.o
    0x000011c6   0x000011c6   0x00000002   Code   RO         2690    i.DMA2_TC3_IrqHandler  hc32f460_ll_interrupts_share.o
    0x000011c8   0x000011c8   0x00000002   Code   RO         2691    i.EFM_ColError_IrqHandler  hc32f460_ll_interrupts_share.o
    0x000011ca   0x000011ca   0x00000002   Code   RO         2692    i.EFM_OpEnd_IrqHandler  hc32f460_ll_interrupts_share.o
    0x000011cc   0x000011cc   0x00000002   Code   RO         2693    i.EFM_ProgramEraseError_IrqHandler  hc32f460_ll_interrupts_share.o
    0x000011ce   0x000011ce   0x00000002   PAD
    0x000011d0   0x000011d0   0x000000a8   Code   RO          944    i.EFM_SetWaitCycle  hc32_ll_efm.o
    0x00001278   0x00001278   0x00000002   Code   RO         2694    i.EMB_GR0_IrqHandler  hc32f460_ll_interrupts_share.o
    0x0000127a   0x0000127a   0x00000002   Code   RO         2695    i.EMB_GR1_IrqHandler  hc32f460_ll_interrupts_share.o
    0x0000127c   0x0000127c   0x00000002   Code   RO         2696    i.EMB_GR2_IrqHandler  hc32f460_ll_interrupts_share.o
    0x0000127e   0x0000127e   0x00000002   Code   RO         2697    i.EMB_GR3_IrqHandler  hc32f460_ll_interrupts_share.o
    0x00001280   0x00001280   0x00000002   Code   RO         2698    i.EXTINT00_IrqHandler  hc32f460_ll_interrupts_share.o
    0x00001282   0x00001282   0x00000002   Code   RO         2699    i.EXTINT01_IrqHandler  hc32f460_ll_interrupts_share.o
    0x00001284   0x00001284   0x00000002   Code   RO         2700    i.EXTINT02_IrqHandler  hc32f460_ll_interrupts_share.o
    0x00001286   0x00001286   0x00000002   Code   RO         2701    i.EXTINT03_IrqHandler  hc32f460_ll_interrupts_share.o
    0x00001288   0x00001288   0x00000002   Code   RO         2702    i.EXTINT04_IrqHandler  hc32f460_ll_interrupts_share.o
    0x0000128a   0x0000128a   0x00000002   Code   RO         2703    i.EXTINT05_IrqHandler  hc32f460_ll_interrupts_share.o
    0x0000128c   0x0000128c   0x00000002   Code   RO         2704    i.EXTINT06_IrqHandler  hc32f460_ll_interrupts_share.o
    0x0000128e   0x0000128e   0x00000002   Code   RO         2705    i.EXTINT07_IrqHandler  hc32f460_ll_interrupts_share.o
    0x00001290   0x00001290   0x00000002   Code   RO         2706    i.EXTINT08_IrqHandler  hc32f460_ll_interrupts_share.o
    0x00001292   0x00001292   0x00000002   Code   RO         2707    i.EXTINT09_IrqHandler  hc32f460_ll_interrupts_share.o
    0x00001294   0x00001294   0x00000002   Code   RO         2708    i.EXTINT10_IrqHandler  hc32f460_ll_interrupts_share.o
    0x00001296   0x00001296   0x00000002   Code   RO         2709    i.EXTINT11_IrqHandler  hc32f460_ll_interrupts_share.o
    0x00001298   0x00001298   0x00000002   Code   RO         2710    i.EXTINT12_IrqHandler  hc32f460_ll_interrupts_share.o
    0x0000129a   0x0000129a   0x00000002   Code   RO         2711    i.EXTINT13_IrqHandler  hc32f460_ll_interrupts_share.o
    0x0000129c   0x0000129c   0x00000002   Code   RO         2712    i.EXTINT14_IrqHandler  hc32f460_ll_interrupts_share.o
    0x0000129e   0x0000129e   0x00000002   Code   RO         2713    i.EXTINT15_IrqHandler  hc32f460_ll_interrupts_share.o
    0x000012a0   0x000012a0   0x00000074   Code   RO         1547    i.FCG_Fcg1PeriphClockCmd  hc32_ll_fcg.o
    0x00001314   0x00001314   0x00000074   Code   RO         1548    i.FCG_Fcg2PeriphClockCmd  hc32_ll_fcg.o
    0x00001388   0x00001388   0x00000002   Code   RO         2714    i.FCM_End_IrqHandler  hc32f460_ll_interrupts_share.o
    0x0000138a   0x0000138a   0x00000002   Code   RO         2715    i.FCM_Error_IrqHandler  hc32f460_ll_interrupts_share.o
    0x0000138c   0x0000138c   0x00000002   Code   RO         2716    i.FCM_Ovf_IrqHandler  hc32f460_ll_interrupts_share.o
    0x0000138e   0x0000138e   0x00000002   PAD
    0x00001390   0x00001390   0x000001f0   Code   RO         1409    i.GPIO_Init         hc32_ll_gpio.o
    0x00001580   0x00001580   0x00000074   Code   RO         1416    i.GPIO_ResetPins    hc32_ll_gpio.o
    0x000015f4   0x000015f4   0x000000dc   Code   RO         1418    i.GPIO_SetFunc      hc32_ll_gpio.o
    0x000016d0   0x000016d0   0x00000074   Code   RO         1419    i.GPIO_SetPins      hc32_ll_gpio.o
    0x00001744   0x00001744   0x0000007c   Code   RO         1420    i.GPIO_SetReadWaitCycle  hc32_ll_gpio.o
    0x000017c0   0x000017c0   0x00000020   Code   RO         1422    i.GPIO_StructInit   hc32_ll_gpio.o
    0x000017e0   0x000017e0   0x00000002   Code   RO         2717    i.I2C1_EE_IrqHandler  hc32f460_ll_interrupts_share.o
    0x000017e2   0x000017e2   0x00000002   Code   RO         2718    i.I2C1_RxFull_IrqHandler  hc32f460_ll_interrupts_share.o
    0x000017e4   0x000017e4   0x00000002   Code   RO         2719    i.I2C1_TxComplete_IrqHandler  hc32f460_ll_interrupts_share.o
    0x000017e6   0x000017e6   0x00000002   Code   RO         2720    i.I2C1_TxEmpty_IrqHandler  hc32f460_ll_interrupts_share.o
    0x000017e8   0x000017e8   0x00000002   Code   RO         2721    i.I2C2_EE_IrqHandler  hc32f460_ll_interrupts_share.o
    0x000017ea   0x000017ea   0x00000002   Code   RO         2722    i.I2C2_RxFull_IrqHandler  hc32f460_ll_interrupts_share.o
    0x000017ec   0x000017ec   0x00000002   Code   RO         2723    i.I2C2_TxComplete_IrqHandler  hc32f460_ll_interrupts_share.o
    0x000017ee   0x000017ee   0x00000002   Code   RO         2724    i.I2C2_TxEmpty_IrqHandler  hc32f460_ll_interrupts_share.o
    0x000017f0   0x000017f0   0x00000002   Code   RO         2725    i.I2C3_EE_IrqHandler  hc32f460_ll_interrupts_share.o
    0x000017f2   0x000017f2   0x00000002   Code   RO         2726    i.I2C3_RxFull_IrqHandler  hc32f460_ll_interrupts_share.o
    0x000017f4   0x000017f4   0x00000002   Code   RO         2727    i.I2C3_TxComplete_IrqHandler  hc32f460_ll_interrupts_share.o
    0x000017f6   0x000017f6   0x00000002   Code   RO         2728    i.I2C3_TxEmpty_IrqHandler  hc32f460_ll_interrupts_share.o
    0x000017f8   0x000017f8   0x00000002   Code   RO         2729    i.I2S1_Error_IrqHandler  hc32f460_ll_interrupts_share.o
    0x000017fa   0x000017fa   0x00000002   Code   RO         2730    i.I2S1_Rx_IrqHandler  hc32f460_ll_interrupts_share.o
    0x000017fc   0x000017fc   0x00000002   Code   RO         2731    i.I2S1_Tx_IrqHandler  hc32f460_ll_interrupts_share.o
    0x000017fe   0x000017fe   0x00000002   Code   RO         2732    i.I2S2_Error_IrqHandler  hc32f460_ll_interrupts_share.o
    0x00001800   0x00001800   0x00000002   Code   RO         2733    i.I2S2_Rx_IrqHandler  hc32f460_ll_interrupts_share.o
    0x00001802   0x00001802   0x00000002   Code   RO         2734    i.I2S2_Tx_IrqHandler  hc32f460_ll_interrupts_share.o
    0x00001804   0x00001804   0x00000002   Code   RO         2735    i.I2S3_Error_IrqHandler  hc32f460_ll_interrupts_share.o
    0x00001806   0x00001806   0x00000002   Code   RO         2736    i.I2S3_Rx_IrqHandler  hc32f460_ll_interrupts_share.o
    0x00001808   0x00001808   0x00000002   Code   RO         2737    i.I2S3_Tx_IrqHandler  hc32f460_ll_interrupts_share.o
    0x0000180a   0x0000180a   0x00000002   Code   RO         2738    i.I2S4_Error_IrqHandler  hc32f460_ll_interrupts_share.o
    0x0000180c   0x0000180c   0x00000002   Code   RO         2739    i.I2S4_Rx_IrqHandler  hc32f460_ll_interrupts_share.o
    0x0000180e   0x0000180e   0x00000002   Code   RO         2740    i.I2S4_Tx_IrqHandler  hc32f460_ll_interrupts_share.o
    0x00001810   0x00001810   0x000000d0   Code   RO         1771    i.INTC_IrqSignIn    hc32_ll_interrupts.o
    0x000018e0   0x000018e0   0x0000003c   Code   RO          277    i.INT_SRC_TMRA_1_OVF_IrqCallback  tim.o
    0x0000191c   0x0000191c   0x00000024   Code   RO          278    i.INT_SRC_TMRA_3_CMP_IrqCallback  tim.o
    0x00001940   0x00001940   0x00000002   Code   RO          279    i.INT_SRC_TMRA_3_OVF_IrqCallback  tim.o
    0x00001942   0x00001942   0x00000002   PAD
    0x00001944   0x00001944   0x00000014   Code   RO         1776    i.IRQ000_Handler    hc32_ll_interrupts.o
    0x00001958   0x00001958   0x00000014   Code   RO         1777    i.IRQ001_Handler    hc32_ll_interrupts.o
    0x0000196c   0x0000196c   0x00000014   Code   RO         1778    i.IRQ002_Handler    hc32_ll_interrupts.o
    0x00001980   0x00001980   0x00000014   Code   RO         1779    i.IRQ003_Handler    hc32_ll_interrupts.o
    0x00001994   0x00001994   0x00000014   Code   RO         1780    i.IRQ004_Handler    hc32_ll_interrupts.o
    0x000019a8   0x000019a8   0x00000014   Code   RO         1781    i.IRQ005_Handler    hc32_ll_interrupts.o
    0x000019bc   0x000019bc   0x00000014   Code   RO         1782    i.IRQ006_Handler    hc32_ll_interrupts.o
    0x000019d0   0x000019d0   0x00000014   Code   RO         1783    i.IRQ007_Handler    hc32_ll_interrupts.o
    0x000019e4   0x000019e4   0x00000014   Code   RO         1784    i.IRQ008_Handler    hc32_ll_interrupts.o
    0x000019f8   0x000019f8   0x00000014   Code   RO         1785    i.IRQ009_Handler    hc32_ll_interrupts.o
    0x00001a0c   0x00001a0c   0x00000014   Code   RO         1786    i.IRQ010_Handler    hc32_ll_interrupts.o
    0x00001a20   0x00001a20   0x00000014   Code   RO         1787    i.IRQ011_Handler    hc32_ll_interrupts.o
    0x00001a34   0x00001a34   0x00000014   Code   RO         1788    i.IRQ012_Handler    hc32_ll_interrupts.o
    0x00001a48   0x00001a48   0x00000014   Code   RO         1789    i.IRQ013_Handler    hc32_ll_interrupts.o
    0x00001a5c   0x00001a5c   0x00000014   Code   RO         1790    i.IRQ014_Handler    hc32_ll_interrupts.o
    0x00001a70   0x00001a70   0x00000014   Code   RO         1791    i.IRQ015_Handler    hc32_ll_interrupts.o
    0x00001a84   0x00001a84   0x00000014   Code   RO         1792    i.IRQ016_Handler    hc32_ll_interrupts.o
    0x00001a98   0x00001a98   0x00000014   Code   RO         1793    i.IRQ017_Handler    hc32_ll_interrupts.o
    0x00001aac   0x00001aac   0x00000014   Code   RO         1794    i.IRQ018_Handler    hc32_ll_interrupts.o
    0x00001ac0   0x00001ac0   0x00000014   Code   RO         1795    i.IRQ019_Handler    hc32_ll_interrupts.o
    0x00001ad4   0x00001ad4   0x00000014   Code   RO         1796    i.IRQ020_Handler    hc32_ll_interrupts.o
    0x00001ae8   0x00001ae8   0x00000014   Code   RO         1797    i.IRQ021_Handler    hc32_ll_interrupts.o
    0x00001afc   0x00001afc   0x00000014   Code   RO         1798    i.IRQ022_Handler    hc32_ll_interrupts.o
    0x00001b10   0x00001b10   0x00000014   Code   RO         1799    i.IRQ023_Handler    hc32_ll_interrupts.o
    0x00001b24   0x00001b24   0x00000014   Code   RO         1800    i.IRQ024_Handler    hc32_ll_interrupts.o
    0x00001b38   0x00001b38   0x00000014   Code   RO         1801    i.IRQ025_Handler    hc32_ll_interrupts.o
    0x00001b4c   0x00001b4c   0x00000014   Code   RO         1802    i.IRQ026_Handler    hc32_ll_interrupts.o
    0x00001b60   0x00001b60   0x00000014   Code   RO         1803    i.IRQ027_Handler    hc32_ll_interrupts.o
    0x00001b74   0x00001b74   0x00000014   Code   RO         1804    i.IRQ028_Handler    hc32_ll_interrupts.o
    0x00001b88   0x00001b88   0x00000014   Code   RO         1805    i.IRQ029_Handler    hc32_ll_interrupts.o
    0x00001b9c   0x00001b9c   0x00000014   Code   RO         1806    i.IRQ030_Handler    hc32_ll_interrupts.o
    0x00001bb0   0x00001bb0   0x00000014   Code   RO         1807    i.IRQ031_Handler    hc32_ll_interrupts.o
    0x00001bc4   0x00001bc4   0x00000014   Code   RO         1808    i.IRQ032_Handler    hc32_ll_interrupts.o
    0x00001bd8   0x00001bd8   0x00000014   Code   RO         1809    i.IRQ033_Handler    hc32_ll_interrupts.o
    0x00001bec   0x00001bec   0x00000014   Code   RO         1810    i.IRQ034_Handler    hc32_ll_interrupts.o
    0x00001c00   0x00001c00   0x00000014   Code   RO         1811    i.IRQ035_Handler    hc32_ll_interrupts.o
    0x00001c14   0x00001c14   0x00000014   Code   RO         1812    i.IRQ036_Handler    hc32_ll_interrupts.o
    0x00001c28   0x00001c28   0x00000014   Code   RO         1813    i.IRQ037_Handler    hc32_ll_interrupts.o
    0x00001c3c   0x00001c3c   0x00000014   Code   RO         1814    i.IRQ038_Handler    hc32_ll_interrupts.o
    0x00001c50   0x00001c50   0x00000014   Code   RO         1815    i.IRQ039_Handler    hc32_ll_interrupts.o
    0x00001c64   0x00001c64   0x00000014   Code   RO         1816    i.IRQ040_Handler    hc32_ll_interrupts.o
    0x00001c78   0x00001c78   0x00000014   Code   RO         1817    i.IRQ041_Handler    hc32_ll_interrupts.o
    0x00001c8c   0x00001c8c   0x00000014   Code   RO         1818    i.IRQ042_Handler    hc32_ll_interrupts.o
    0x00001ca0   0x00001ca0   0x00000014   Code   RO         1819    i.IRQ043_Handler    hc32_ll_interrupts.o
    0x00001cb4   0x00001cb4   0x00000014   Code   RO         1820    i.IRQ044_Handler    hc32_ll_interrupts.o
    0x00001cc8   0x00001cc8   0x00000014   Code   RO         1821    i.IRQ045_Handler    hc32_ll_interrupts.o
    0x00001cdc   0x00001cdc   0x00000014   Code   RO         1822    i.IRQ046_Handler    hc32_ll_interrupts.o
    0x00001cf0   0x00001cf0   0x00000014   Code   RO         1823    i.IRQ047_Handler    hc32_ll_interrupts.o
    0x00001d04   0x00001d04   0x00000014   Code   RO         1824    i.IRQ048_Handler    hc32_ll_interrupts.o
    0x00001d18   0x00001d18   0x00000014   Code   RO         1825    i.IRQ049_Handler    hc32_ll_interrupts.o
    0x00001d2c   0x00001d2c   0x00000014   Code   RO         1826    i.IRQ050_Handler    hc32_ll_interrupts.o
    0x00001d40   0x00001d40   0x00000014   Code   RO         1827    i.IRQ051_Handler    hc32_ll_interrupts.o
    0x00001d54   0x00001d54   0x00000014   Code   RO         1828    i.IRQ052_Handler    hc32_ll_interrupts.o
    0x00001d68   0x00001d68   0x00000014   Code   RO         1829    i.IRQ053_Handler    hc32_ll_interrupts.o
    0x00001d7c   0x00001d7c   0x00000014   Code   RO         1830    i.IRQ054_Handler    hc32_ll_interrupts.o
    0x00001d90   0x00001d90   0x00000014   Code   RO         1831    i.IRQ055_Handler    hc32_ll_interrupts.o
    0x00001da4   0x00001da4   0x00000014   Code   RO         1832    i.IRQ056_Handler    hc32_ll_interrupts.o
    0x00001db8   0x00001db8   0x00000014   Code   RO         1833    i.IRQ057_Handler    hc32_ll_interrupts.o
    0x00001dcc   0x00001dcc   0x00000014   Code   RO         1834    i.IRQ058_Handler    hc32_ll_interrupts.o
    0x00001de0   0x00001de0   0x00000014   Code   RO         1835    i.IRQ059_Handler    hc32_ll_interrupts.o
    0x00001df4   0x00001df4   0x00000014   Code   RO         1836    i.IRQ060_Handler    hc32_ll_interrupts.o
    0x00001e08   0x00001e08   0x00000014   Code   RO         1837    i.IRQ061_Handler    hc32_ll_interrupts.o
    0x00001e1c   0x00001e1c   0x00000014   Code   RO         1838    i.IRQ062_Handler    hc32_ll_interrupts.o
    0x00001e30   0x00001e30   0x00000014   Code   RO         1839    i.IRQ063_Handler    hc32_ll_interrupts.o
    0x00001e44   0x00001e44   0x00000014   Code   RO         1840    i.IRQ064_Handler    hc32_ll_interrupts.o
    0x00001e58   0x00001e58   0x00000014   Code   RO         1841    i.IRQ065_Handler    hc32_ll_interrupts.o
    0x00001e6c   0x00001e6c   0x00000014   Code   RO         1842    i.IRQ066_Handler    hc32_ll_interrupts.o
    0x00001e80   0x00001e80   0x00000014   Code   RO         1843    i.IRQ067_Handler    hc32_ll_interrupts.o
    0x00001e94   0x00001e94   0x00000014   Code   RO         1844    i.IRQ068_Handler    hc32_ll_interrupts.o
    0x00001ea8   0x00001ea8   0x00000014   Code   RO         1845    i.IRQ069_Handler    hc32_ll_interrupts.o
    0x00001ebc   0x00001ebc   0x00000014   Code   RO         1846    i.IRQ070_Handler    hc32_ll_interrupts.o
    0x00001ed0   0x00001ed0   0x00000014   Code   RO         1847    i.IRQ071_Handler    hc32_ll_interrupts.o
    0x00001ee4   0x00001ee4   0x00000014   Code   RO         1848    i.IRQ072_Handler    hc32_ll_interrupts.o
    0x00001ef8   0x00001ef8   0x00000014   Code   RO         1849    i.IRQ073_Handler    hc32_ll_interrupts.o
    0x00001f0c   0x00001f0c   0x00000014   Code   RO         1850    i.IRQ074_Handler    hc32_ll_interrupts.o
    0x00001f20   0x00001f20   0x00000014   Code   RO         1851    i.IRQ075_Handler    hc32_ll_interrupts.o
    0x00001f34   0x00001f34   0x00000014   Code   RO         1852    i.IRQ076_Handler    hc32_ll_interrupts.o
    0x00001f48   0x00001f48   0x00000014   Code   RO         1853    i.IRQ077_Handler    hc32_ll_interrupts.o
    0x00001f5c   0x00001f5c   0x00000014   Code   RO         1854    i.IRQ078_Handler    hc32_ll_interrupts.o
    0x00001f70   0x00001f70   0x00000014   Code   RO         1855    i.IRQ079_Handler    hc32_ll_interrupts.o
    0x00001f84   0x00001f84   0x00000014   Code   RO         1856    i.IRQ080_Handler    hc32_ll_interrupts.o
    0x00001f98   0x00001f98   0x00000014   Code   RO         1857    i.IRQ081_Handler    hc32_ll_interrupts.o
    0x00001fac   0x00001fac   0x00000014   Code   RO         1858    i.IRQ082_Handler    hc32_ll_interrupts.o
    0x00001fc0   0x00001fc0   0x00000014   Code   RO         1859    i.IRQ083_Handler    hc32_ll_interrupts.o
    0x00001fd4   0x00001fd4   0x00000014   Code   RO         1860    i.IRQ084_Handler    hc32_ll_interrupts.o
    0x00001fe8   0x00001fe8   0x00000014   Code   RO         1861    i.IRQ085_Handler    hc32_ll_interrupts.o
    0x00001ffc   0x00001ffc   0x00000014   Code   RO         1862    i.IRQ086_Handler    hc32_ll_interrupts.o
    0x00002010   0x00002010   0x00000014   Code   RO         1863    i.IRQ087_Handler    hc32_ll_interrupts.o
    0x00002024   0x00002024   0x00000014   Code   RO         1864    i.IRQ088_Handler    hc32_ll_interrupts.o
    0x00002038   0x00002038   0x00000014   Code   RO         1865    i.IRQ089_Handler    hc32_ll_interrupts.o
    0x0000204c   0x0000204c   0x00000014   Code   RO         1866    i.IRQ090_Handler    hc32_ll_interrupts.o
    0x00002060   0x00002060   0x00000014   Code   RO         1867    i.IRQ091_Handler    hc32_ll_interrupts.o
    0x00002074   0x00002074   0x00000014   Code   RO         1868    i.IRQ092_Handler    hc32_ll_interrupts.o
    0x00002088   0x00002088   0x00000014   Code   RO         1869    i.IRQ093_Handler    hc32_ll_interrupts.o
    0x0000209c   0x0000209c   0x00000014   Code   RO         1870    i.IRQ094_Handler    hc32_ll_interrupts.o
    0x000020b0   0x000020b0   0x00000014   Code   RO         1871    i.IRQ095_Handler    hc32_ll_interrupts.o
    0x000020c4   0x000020c4   0x00000014   Code   RO         1872    i.IRQ096_Handler    hc32_ll_interrupts.o
    0x000020d8   0x000020d8   0x00000014   Code   RO         1873    i.IRQ097_Handler    hc32_ll_interrupts.o
    0x000020ec   0x000020ec   0x00000014   Code   RO         1874    i.IRQ098_Handler    hc32_ll_interrupts.o
    0x00002100   0x00002100   0x00000014   Code   RO         1875    i.IRQ099_Handler    hc32_ll_interrupts.o
    0x00002114   0x00002114   0x00000014   Code   RO         1876    i.IRQ100_Handler    hc32_ll_interrupts.o
    0x00002128   0x00002128   0x00000014   Code   RO         1877    i.IRQ101_Handler    hc32_ll_interrupts.o
    0x0000213c   0x0000213c   0x00000014   Code   RO         1878    i.IRQ102_Handler    hc32_ll_interrupts.o
    0x00002150   0x00002150   0x00000014   Code   RO         1879    i.IRQ103_Handler    hc32_ll_interrupts.o
    0x00002164   0x00002164   0x00000014   Code   RO         1880    i.IRQ104_Handler    hc32_ll_interrupts.o
    0x00002178   0x00002178   0x00000014   Code   RO         1881    i.IRQ105_Handler    hc32_ll_interrupts.o
    0x0000218c   0x0000218c   0x00000014   Code   RO         1882    i.IRQ106_Handler    hc32_ll_interrupts.o
    0x000021a0   0x000021a0   0x00000014   Code   RO         1883    i.IRQ107_Handler    hc32_ll_interrupts.o
    0x000021b4   0x000021b4   0x00000014   Code   RO         1884    i.IRQ108_Handler    hc32_ll_interrupts.o
    0x000021c8   0x000021c8   0x00000014   Code   RO         1885    i.IRQ109_Handler    hc32_ll_interrupts.o
    0x000021dc   0x000021dc   0x00000014   Code   RO         1886    i.IRQ110_Handler    hc32_ll_interrupts.o
    0x000021f0   0x000021f0   0x00000014   Code   RO         1887    i.IRQ111_Handler    hc32_ll_interrupts.o
    0x00002204   0x00002204   0x00000014   Code   RO         1888    i.IRQ112_Handler    hc32_ll_interrupts.o
    0x00002218   0x00002218   0x00000014   Code   RO         1889    i.IRQ113_Handler    hc32_ll_interrupts.o
    0x0000222c   0x0000222c   0x00000014   Code   RO         1890    i.IRQ114_Handler    hc32_ll_interrupts.o
    0x00002240   0x00002240   0x00000014   Code   RO         1891    i.IRQ115_Handler    hc32_ll_interrupts.o
    0x00002254   0x00002254   0x00000014   Code   RO         1892    i.IRQ116_Handler    hc32_ll_interrupts.o
    0x00002268   0x00002268   0x00000014   Code   RO         1893    i.IRQ117_Handler    hc32_ll_interrupts.o
    0x0000227c   0x0000227c   0x00000014   Code   RO         1894    i.IRQ118_Handler    hc32_ll_interrupts.o
    0x00002290   0x00002290   0x00000014   Code   RO         1895    i.IRQ119_Handler    hc32_ll_interrupts.o
    0x000022a4   0x000022a4   0x00000014   Code   RO         1896    i.IRQ120_Handler    hc32_ll_interrupts.o
    0x000022b8   0x000022b8   0x00000014   Code   RO         1897    i.IRQ121_Handler    hc32_ll_interrupts.o
    0x000022cc   0x000022cc   0x00000014   Code   RO         1898    i.IRQ122_Handler    hc32_ll_interrupts.o
    0x000022e0   0x000022e0   0x00000014   Code   RO         1899    i.IRQ123_Handler    hc32_ll_interrupts.o
    0x000022f4   0x000022f4   0x00000014   Code   RO         1900    i.IRQ124_Handler    hc32_ll_interrupts.o
    0x00002308   0x00002308   0x00000014   Code   RO         1901    i.IRQ125_Handler    hc32_ll_interrupts.o
    0x0000231c   0x0000231c   0x00000014   Code   RO         1902    i.IRQ126_Handler    hc32_ll_interrupts.o
    0x00002330   0x00002330   0x00000014   Code   RO         1903    i.IRQ127_Handler    hc32_ll_interrupts.o
    0x00002344   0x00002344   0x00000154   Code   RO         2742    i.IRQ128_Handler    hc32f460_ll_interrupts_share.o
    0x00002498   0x00002498   0x00000498   Code   RO         2743    i.IRQ129_Handler    hc32f460_ll_interrupts_share.o
    0x00002930   0x00002930   0x000000e8   Code   RO         2744    i.IRQ130_Handler    hc32f460_ll_interrupts_share.o
    0x00002a18   0x00002a18   0x000002c8   Code   RO         2745    i.IRQ131_Handler    hc32f460_ll_interrupts_share.o
    0x00002ce0   0x00002ce0   0x00000180   Code   RO         2746    i.IRQ132_Handler    hc32f460_ll_interrupts_share.o
    0x00002e60   0x00002e60   0x00000344   Code   RO         2747    i.IRQ136_Handler    hc32f460_ll_interrupts_share.o
    0x000031a4   0x000031a4   0x00000288   Code   RO         2748    i.IRQ137_Handler    hc32f460_ll_interrupts_share.o
    0x0000342c   0x0000342c   0x00000230   Code   RO         2749    i.IRQ138_Handler    hc32f460_ll_interrupts_share.o
    0x0000365c   0x0000365c   0x00000124   Code   RO         2750    i.IRQ139_Handler    hc32f460_ll_interrupts_share.o
    0x00003780   0x00003780   0x00000214   Code   RO         2751    i.IRQ140_Handler    hc32f460_ll_interrupts_share.o
    0x00003994   0x00003994   0x00000268   Code   RO         2752    i.IRQ141_Handler    hc32f460_ll_interrupts_share.o
    0x00003bfc   0x00003bfc   0x0000010c   Code   RO         2753    i.IRQ142_Handler    hc32f460_ll_interrupts_share.o
    0x00003d08   0x00003d08   0x0000010c   Code   RO         2754    i.IRQ143_Handler    hc32f460_ll_interrupts_share.o
    0x00003e14   0x00003e14   0x00000090   Code   RO          348    i.LL_PERIPH_WE      hc32_ll.o
    0x00003ea4   0x00003ea4   0x00000088   Code   RO          349    i.LL_PERIPH_WP      hc32_ll.o
    0x00003f2c   0x00003f2c   0x00000064   Code   RO          504    i.PWC_HighSpeedToHighPerformance  hc32_ll_pwc.o
    0x00003f90   0x00003f90   0x00000002   Code   RO         2755    i.PWC_LVD1_IrqHandler  hc32f460_ll_interrupts_share.o
    0x00003f92   0x00003f92   0x00000002   Code   RO         2756    i.PWC_LVD2_IrqHandler  hc32f460_ll_interrupts_share.o
    0x00003f94   0x00003f94   0x0000001c   Code   RO          350    i.PWC_REG_Lock      hc32_ll.o
    0x00003fb0   0x00003fb0   0x00000018   Code   RO          351    i.PWC_REG_Unlock    hc32_ll.o
    0x00003fc8   0x00003fc8   0x00000002   Code   RO         2757    i.PWC_WakeupTimer_IrqHandler  hc32f460_ll_interrupts_share.o
    0x00003fca   0x00003fca   0x00000002   Code   RO         2758    i.QSPI_Error_IrqHandler  hc32f460_ll_interrupts_share.o
    0x00003fcc   0x00003fcc   0x00000002   Code   RO         2759    i.SDIOC1_IrqHandler  hc32f460_ll_interrupts_share.o
    0x00003fce   0x00003fce   0x00000002   Code   RO         2760    i.SDIOC2_IrqHandler  hc32f460_ll_interrupts_share.o
    0x00003fd0   0x00003fd0   0x00000002   Code   RO         2761    i.SPI1_Error_IrqHandler  hc32f460_ll_interrupts_share.o
    0x00003fd2   0x00003fd2   0x00000002   Code   RO         2762    i.SPI1_Idle_IrqHandler  hc32f460_ll_interrupts_share.o
    0x00003fd4   0x00003fd4   0x00000002   Code   RO         2763    i.SPI1_RxFull_IrqHandler  hc32f460_ll_interrupts_share.o
    0x00003fd6   0x00003fd6   0x00000002   Code   RO         2764    i.SPI1_TxEmpty_IrqHandler  hc32f460_ll_interrupts_share.o
    0x00003fd8   0x00003fd8   0x00000002   Code   RO         2765    i.SPI2_Error_IrqHandler  hc32f460_ll_interrupts_share.o
    0x00003fda   0x00003fda   0x00000002   Code   RO         2766    i.SPI2_Idle_IrqHandler  hc32f460_ll_interrupts_share.o
    0x00003fdc   0x00003fdc   0x00000002   Code   RO         2767    i.SPI2_RxFull_IrqHandler  hc32f460_ll_interrupts_share.o
    0x00003fde   0x00003fde   0x00000002   Code   RO         2768    i.SPI2_TxEmpty_IrqHandler  hc32f460_ll_interrupts_share.o
    0x00003fe0   0x00003fe0   0x00000002   Code   RO         2769    i.SPI3_Error_IrqHandler  hc32f460_ll_interrupts_share.o
    0x00003fe2   0x00003fe2   0x00000002   Code   RO         2770    i.SPI3_Idle_IrqHandler  hc32f460_ll_interrupts_share.o
    0x00003fe4   0x00003fe4   0x00000002   Code   RO         2771    i.SPI3_RxFull_IrqHandler  hc32f460_ll_interrupts_share.o
    0x00003fe6   0x00003fe6   0x00000002   Code   RO         2772    i.SPI3_TxEmpty_IrqHandler  hc32f460_ll_interrupts_share.o
    0x00003fe8   0x00003fe8   0x00000002   Code   RO         2773    i.SPI4_Error_IrqHandler  hc32f460_ll_interrupts_share.o
    0x00003fea   0x00003fea   0x00000002   Code   RO         2774    i.SPI4_Idle_IrqHandler  hc32f460_ll_interrupts_share.o
    0x00003fec   0x00003fec   0x00000002   Code   RO         2775    i.SPI4_RxFull_IrqHandler  hc32f460_ll_interrupts_share.o
    0x00003fee   0x00003fee   0x00000002   Code   RO         2776    i.SPI4_TxEmpty_IrqHandler  hc32f460_ll_interrupts_share.o
    0x00003ff0   0x00003ff0   0x000000a4   Code   RO         4316    i.SPI_Cmd           hc32_ll_spi.o
    0x00004094   0x00004094   0x00000014   Code   RO         4318    i.SPI_DelayStructInit  hc32_ll_spi.o
    0x000040a8   0x000040a8   0x000001d8   Code   RO         4319    i.SPI_DelayTimeConfig  hc32_ll_spi.o
    0x00004280   0x00004280   0x000002b0   Code   RO         4321    i.SPI_Init          hc32_ll_spi.o
    0x00004530   0x00004530   0x00000088   Code   RO         4323    i.SPI_ParityCheckCmd  hc32_ll_spi.o
    0x000045b8   0x000045b8   0x000000c4   Code   RO         4326    i.SPI_SSPinSelect   hc32_ll_spi.o
    0x0000467c   0x0000467c   0x00000084   Code   RO         4327    i.SPI_SetLoopbackMode  hc32_ll_spi.o
    0x00004700   0x00004700   0x000000b0   Code   RO         4329    i.SPI_SetSSValidLevel  hc32_ll_spi.o
    0x000047b0   0x000047b0   0x0000002e   Code   RO         4332    i.SPI_StructInit    hc32_ll_spi.o
    0x000047de   0x000047de   0x00000002   PAD
    0x000047e0   0x000047e0   0x000000d8   Code   RO          862    i.SRAM_SetWaitCycle  hc32_ll_sram.o
    0x000048b8   0x000048b8   0x00000002   Code   RO         2777    i.SWDT_IrqHandler   hc32f460_ll_interrupts_share.o
    0x000048ba   0x000048ba   0x00000002   PAD
    0x000048bc   0x000048bc   0x0000031c   Code   RO         1181    i.SetSysClockDiv    hc32_ll_clk.o
    0x00004bd8   0x00004bd8   0x000000f4   Code   RO         1182    i.SetSysClockSrc    hc32_ll_clk.o
    0x00004ccc   0x00004ccc   0x00000144   Code   RO          191    i.Speed_Decision_S  control_step.o
    0x00004e10   0x00004e10   0x000000f8   Code   RO          193    i.Stepper_Move_S    control_step.o
    0x00004f08   0x00004f08   0x0000000c   Code   RO          194    i.Stepper_start     control_step.o
    0x00004f14   0x00004f14   0x000000cc   Code   RO           13    i.SystemCoreClockUpdate  system_hc32f460.o
    0x00004fe0   0x00004fe0   0x00000014   Code   RO           14    i.SystemInit        system_hc32f460.o
    0x00004ff4   0x00004ff4   0x00000002   Code   RO         2778    i.TMR0_1_CmpA_IrqHandler  hc32f460_ll_interrupts_share.o
    0x00004ff6   0x00004ff6   0x00000002   Code   RO         2779    i.TMR0_1_CmpB_IrqHandler  hc32f460_ll_interrupts_share.o
    0x00004ff8   0x00004ff8   0x00000002   Code   RO         2780    i.TMR0_2_CmpA_IrqHandler  hc32f460_ll_interrupts_share.o
    0x00004ffa   0x00004ffa   0x00000002   Code   RO         2781    i.TMR0_2_CmpB_IrqHandler  hc32f460_ll_interrupts_share.o
    0x00004ffc   0x00004ffc   0x00000002   Code   RO         2782    i.TMR4_1_GCmpUH_IrqHandler  hc32f460_ll_interrupts_share.o
    0x00004ffe   0x00004ffe   0x00000002   Code   RO         2783    i.TMR4_1_GCmpUL_IrqHandler  hc32f460_ll_interrupts_share.o
    0x00005000   0x00005000   0x00000002   Code   RO         2784    i.TMR4_1_GCmpVH_IrqHandler  hc32f460_ll_interrupts_share.o
    0x00005002   0x00005002   0x00000002   Code   RO         2785    i.TMR4_1_GCmpVL_IrqHandler  hc32f460_ll_interrupts_share.o
    0x00005004   0x00005004   0x00000002   Code   RO         2786    i.TMR4_1_GCmpWH_IrqHandler  hc32f460_ll_interrupts_share.o
    0x00005006   0x00005006   0x00000002   Code   RO         2787    i.TMR4_1_GCmpWL_IrqHandler  hc32f460_ll_interrupts_share.o
    0x00005008   0x00005008   0x00000002   Code   RO         2788    i.TMR4_1_GOvf_IrqHandler  hc32f460_ll_interrupts_share.o
    0x0000500a   0x0000500a   0x00000002   Code   RO         2789    i.TMR4_1_GUdf_IrqHandler  hc32f460_ll_interrupts_share.o
    0x0000500c   0x0000500c   0x00000002   Code   RO         2790    i.TMR4_1_ReloadU_IrqHandler  hc32f460_ll_interrupts_share.o
    0x0000500e   0x0000500e   0x00000002   Code   RO         2791    i.TMR4_1_ReloadV_IrqHandler  hc32f460_ll_interrupts_share.o
    0x00005010   0x00005010   0x00000002   Code   RO         2792    i.TMR4_1_ReloadW_IrqHandler  hc32f460_ll_interrupts_share.o
    0x00005012   0x00005012   0x00000002   Code   RO         2793    i.TMR4_2_GCmpUH_IrqHandler  hc32f460_ll_interrupts_share.o
    0x00005014   0x00005014   0x00000002   Code   RO         2794    i.TMR4_2_GCmpUL_IrqHandler  hc32f460_ll_interrupts_share.o
    0x00005016   0x00005016   0x00000002   Code   RO         2795    i.TMR4_2_GCmpVH_IrqHandler  hc32f460_ll_interrupts_share.o
    0x00005018   0x00005018   0x00000002   Code   RO         2796    i.TMR4_2_GCmpVL_IrqHandler  hc32f460_ll_interrupts_share.o
    0x0000501a   0x0000501a   0x00000002   Code   RO         2797    i.TMR4_2_GCmpWH_IrqHandler  hc32f460_ll_interrupts_share.o
    0x0000501c   0x0000501c   0x00000002   Code   RO         2798    i.TMR4_2_GCmpWL_IrqHandler  hc32f460_ll_interrupts_share.o
    0x0000501e   0x0000501e   0x00000002   Code   RO         2799    i.TMR4_2_GOvf_IrqHandler  hc32f460_ll_interrupts_share.o
    0x00005020   0x00005020   0x00000002   Code   RO         2800    i.TMR4_2_GUdf_IrqHandler  hc32f460_ll_interrupts_share.o
    0x00005022   0x00005022   0x00000002   Code   RO         2801    i.TMR4_2_ReloadU_IrqHandler  hc32f460_ll_interrupts_share.o
    0x00005024   0x00005024   0x00000002   Code   RO         2802    i.TMR4_2_ReloadV_IrqHandler  hc32f460_ll_interrupts_share.o
    0x00005026   0x00005026   0x00000002   Code   RO         2803    i.TMR4_2_ReloadW_IrqHandler  hc32f460_ll_interrupts_share.o
    0x00005028   0x00005028   0x00000002   Code   RO         2804    i.TMR4_3_GCmpUH_IrqHandler  hc32f460_ll_interrupts_share.o
    0x0000502a   0x0000502a   0x00000002   Code   RO         2805    i.TMR4_3_GCmpUL_IrqHandler  hc32f460_ll_interrupts_share.o
    0x0000502c   0x0000502c   0x00000002   Code   RO         2806    i.TMR4_3_GCmpVH_IrqHandler  hc32f460_ll_interrupts_share.o
    0x0000502e   0x0000502e   0x00000002   Code   RO         2807    i.TMR4_3_GCmpVL_IrqHandler  hc32f460_ll_interrupts_share.o
    0x00005030   0x00005030   0x00000002   Code   RO         2808    i.TMR4_3_GCmpWH_IrqHandler  hc32f460_ll_interrupts_share.o
    0x00005032   0x00005032   0x00000002   Code   RO         2809    i.TMR4_3_GCmpWL_IrqHandler  hc32f460_ll_interrupts_share.o
    0x00005034   0x00005034   0x00000002   Code   RO         2810    i.TMR4_3_GOvf_IrqHandler  hc32f460_ll_interrupts_share.o
    0x00005036   0x00005036   0x00000002   Code   RO         2811    i.TMR4_3_GUdf_IrqHandler  hc32f460_ll_interrupts_share.o
    0x00005038   0x00005038   0x00000002   Code   RO         2812    i.TMR4_3_ReloadU_IrqHandler  hc32f460_ll_interrupts_share.o
    0x0000503a   0x0000503a   0x00000002   Code   RO         2813    i.TMR4_3_ReloadV_IrqHandler  hc32f460_ll_interrupts_share.o
    0x0000503c   0x0000503c   0x00000002   Code   RO         2814    i.TMR4_3_ReloadW_IrqHandler  hc32f460_ll_interrupts_share.o
    0x0000503e   0x0000503e   0x00000002   Code   RO         2815    i.TMR6_1_GCmpA_IrqHandler  hc32f460_ll_interrupts_share.o
    0x00005040   0x00005040   0x00000002   Code   RO         2816    i.TMR6_1_GCmpB_IrqHandler  hc32f460_ll_interrupts_share.o
    0x00005042   0x00005042   0x00000002   Code   RO         2817    i.TMR6_1_GCmpC_IrqHandler  hc32f460_ll_interrupts_share.o
    0x00005044   0x00005044   0x00000002   Code   RO         2818    i.TMR6_1_GCmpD_IrqHandler  hc32f460_ll_interrupts_share.o
    0x00005046   0x00005046   0x00000002   Code   RO         2819    i.TMR6_1_GCmpE_IrqHandler  hc32f460_ll_interrupts_share.o
    0x00005048   0x00005048   0x00000002   Code   RO         2820    i.TMR6_1_GCmpF_IrqHandler  hc32f460_ll_interrupts_share.o
    0x0000504a   0x0000504a   0x00000002   Code   RO         2821    i.TMR6_1_GDte_IrqHandler  hc32f460_ll_interrupts_share.o
    0x0000504c   0x0000504c   0x00000002   Code   RO         2822    i.TMR6_1_GOvf_IrqHandler  hc32f460_ll_interrupts_share.o
    0x0000504e   0x0000504e   0x00000002   Code   RO         2823    i.TMR6_1_GUdf_IrqHandler  hc32f460_ll_interrupts_share.o
    0x00005050   0x00005050   0x00000002   Code   RO         2824    i.TMR6_1_SCmpA_IrqHandler  hc32f460_ll_interrupts_share.o
    0x00005052   0x00005052   0x00000002   Code   RO         2825    i.TMR6_1_SCmpB_IrqHandler  hc32f460_ll_interrupts_share.o
    0x00005054   0x00005054   0x00000002   Code   RO         2826    i.TMR6_2_GCmpA_IrqHandler  hc32f460_ll_interrupts_share.o
    0x00005056   0x00005056   0x00000002   Code   RO         2827    i.TMR6_2_GCmpB_IrqHandler  hc32f460_ll_interrupts_share.o
    0x00005058   0x00005058   0x00000002   Code   RO         2828    i.TMR6_2_GCmpC_IrqHandler  hc32f460_ll_interrupts_share.o
    0x0000505a   0x0000505a   0x00000002   Code   RO         2829    i.TMR6_2_GCmpD_IrqHandler  hc32f460_ll_interrupts_share.o
    0x0000505c   0x0000505c   0x00000002   Code   RO         2830    i.TMR6_2_GCmpE_IrqHandler  hc32f460_ll_interrupts_share.o
    0x0000505e   0x0000505e   0x00000002   Code   RO         2831    i.TMR6_2_GCmpF_IrqHandler  hc32f460_ll_interrupts_share.o
    0x00005060   0x00005060   0x00000002   Code   RO         2832    i.TMR6_2_GDte_IrqHandler  hc32f460_ll_interrupts_share.o
    0x00005062   0x00005062   0x00000002   Code   RO         2833    i.TMR6_2_GOvf_IrqHandler  hc32f460_ll_interrupts_share.o
    0x00005064   0x00005064   0x00000002   Code   RO         2834    i.TMR6_2_GUdf_IrqHandler  hc32f460_ll_interrupts_share.o
    0x00005066   0x00005066   0x00000002   Code   RO         2835    i.TMR6_2_SCmpA_IrqHandler  hc32f460_ll_interrupts_share.o
    0x00005068   0x00005068   0x00000002   Code   RO         2836    i.TMR6_2_SCmpB_IrqHandler  hc32f460_ll_interrupts_share.o
    0x0000506a   0x0000506a   0x00000002   Code   RO         2837    i.TMR6_3_GCmpA_IrqHandler  hc32f460_ll_interrupts_share.o
    0x0000506c   0x0000506c   0x00000002   Code   RO         2838    i.TMR6_3_GCmpB_IrqHandler  hc32f460_ll_interrupts_share.o
    0x0000506e   0x0000506e   0x00000002   Code   RO         2839    i.TMR6_3_GCmpC_IrqHandler  hc32f460_ll_interrupts_share.o
    0x00005070   0x00005070   0x00000002   Code   RO         2840    i.TMR6_3_GCmpD_IrqHandler  hc32f460_ll_interrupts_share.o
    0x00005072   0x00005072   0x00000002   Code   RO         2841    i.TMR6_3_GCmpE_IrqHandler  hc32f460_ll_interrupts_share.o
    0x00005074   0x00005074   0x00000002   Code   RO         2842    i.TMR6_3_GCmpF_IrqHandler  hc32f460_ll_interrupts_share.o
    0x00005076   0x00005076   0x00000002   Code   RO         2843    i.TMR6_3_GDte_IrqHandler  hc32f460_ll_interrupts_share.o
    0x00005078   0x00005078   0x00000002   Code   RO         2844    i.TMR6_3_GOvf_IrqHandler  hc32f460_ll_interrupts_share.o
    0x0000507a   0x0000507a   0x00000002   Code   RO         2845    i.TMR6_3_GUdf_IrqHandler  hc32f460_ll_interrupts_share.o
    0x0000507c   0x0000507c   0x00000002   Code   RO         2846    i.TMR6_3_SCmpA_IrqHandler  hc32f460_ll_interrupts_share.o
    0x0000507e   0x0000507e   0x00000002   Code   RO         2847    i.TMR6_3_SCmpB_IrqHandler  hc32f460_ll_interrupts_share.o
    0x00005080   0x00005080   0x00000002   Code   RO         2848    i.TMRA_1_Cmp_IrqHandler  hc32f460_ll_interrupts_share.o
    0x00005082   0x00005082   0x00000002   Code   RO         2849    i.TMRA_1_Ovf_IrqHandler  hc32f460_ll_interrupts_share.o
    0x00005084   0x00005084   0x00000002   Code   RO         2850    i.TMRA_1_Udf_IrqHandler  hc32f460_ll_interrupts_share.o
    0x00005086   0x00005086   0x00000002   Code   RO         2851    i.TMRA_2_Cmp_IrqHandler  hc32f460_ll_interrupts_share.o
    0x00005088   0x00005088   0x00000002   Code   RO         2852    i.TMRA_2_Ovf_IrqHandler  hc32f460_ll_interrupts_share.o
    0x0000508a   0x0000508a   0x00000002   Code   RO         2853    i.TMRA_2_Udf_IrqHandler  hc32f460_ll_interrupts_share.o
    0x0000508c   0x0000508c   0x00000002   Code   RO         2854    i.TMRA_3_Cmp_IrqHandler  hc32f460_ll_interrupts_share.o
    0x0000508e   0x0000508e   0x00000002   Code   RO         2855    i.TMRA_3_Ovf_IrqHandler  hc32f460_ll_interrupts_share.o
    0x00005090   0x00005090   0x00000002   Code   RO         2856    i.TMRA_3_Udf_IrqHandler  hc32f460_ll_interrupts_share.o
    0x00005092   0x00005092   0x00000002   Code   RO         2857    i.TMRA_4_Cmp_IrqHandler  hc32f460_ll_interrupts_share.o
    0x00005094   0x00005094   0x00000002   Code   RO         2858    i.TMRA_4_Ovf_IrqHandler  hc32f460_ll_interrupts_share.o
    0x00005096   0x00005096   0x00000002   Code   RO         2859    i.TMRA_4_Udf_IrqHandler  hc32f460_ll_interrupts_share.o
    0x00005098   0x00005098   0x00000002   Code   RO         2860    i.TMRA_5_Cmp_IrqHandler  hc32f460_ll_interrupts_share.o
    0x0000509a   0x0000509a   0x00000002   Code   RO         2861    i.TMRA_5_Ovf_IrqHandler  hc32f460_ll_interrupts_share.o
    0x0000509c   0x0000509c   0x00000002   Code   RO         2862    i.TMRA_5_Udf_IrqHandler  hc32f460_ll_interrupts_share.o
    0x0000509e   0x0000509e   0x00000002   Code   RO         2863    i.TMRA_6_Cmp_IrqHandler  hc32f460_ll_interrupts_share.o
    0x000050a0   0x000050a0   0x00000002   Code   RO         2864    i.TMRA_6_Ovf_IrqHandler  hc32f460_ll_interrupts_share.o
    0x000050a2   0x000050a2   0x00000002   Code   RO         2865    i.TMRA_6_Udf_IrqHandler  hc32f460_ll_interrupts_share.o
    0x000050a4   0x000050a4   0x0000009c   Code   RO         4081    i.TMRA_ClearStatus  hc32_ll_tmra.o
    0x00005140   0x00005140   0x00000070   Code   RO         4088    i.TMRA_GetCountValue  hc32_ll_tmra.o
    0x000051b0   0x000051b0   0x00000190   Code   RO         4097    i.TMRA_Init         hc32_ll_tmra.o
    0x00005340   0x00005340   0x000000ec   Code   RO         4098    i.TMRA_IntCmd       hc32_ll_tmra.o
    0x0000542c   0x0000542c   0x0000014c   Code   RO         4099    i.TMRA_PWM_Init     hc32_ll_tmra.o
    0x00005578   0x00005578   0x000000a4   Code   RO         4100    i.TMRA_PWM_OutputCmd  hc32_ll_tmra.o
    0x0000561c   0x0000561c   0x0000001e   Code   RO         4103    i.TMRA_PWM_StructInit  hc32_ll_tmra.o
    0x0000563a   0x0000563a   0x00000002   PAD
    0x0000563c   0x0000563c   0x00000084   Code   RO         4106    i.TMRA_SetCompareValue  hc32_ll_tmra.o
    0x000056c0   0x000056c0   0x00000074   Code   RO         4109    i.TMRA_SetCountValue  hc32_ll_tmra.o
    0x00005734   0x00005734   0x000000a8   Code   RO         4111    i.TMRA_SetFunc      hc32_ll_tmra.o
    0x000057dc   0x000057dc   0x00000074   Code   RO         4112    i.TMRA_SetPeriodValue  hc32_ll_tmra.o
    0x00005850   0x00005850   0x0000007c   Code   RO         4113    i.TMRA_Start        hc32_ll_tmra.o
    0x000058cc   0x000058cc   0x00000024   Code   RO         4115    i.TMRA_StructInit   hc32_ll_tmra.o
    0x000058f0   0x000058f0   0x00000002   Code   RO         2866    i.USART1_RxError_IrqHandler  hc32f460_ll_interrupts_share.o
    0x000058f2   0x000058f2   0x00000002   Code   RO         2867    i.USART1_RxFull_IrqHandler  hc32f460_ll_interrupts_share.o
    0x000058f4   0x000058f4   0x00000002   Code   RO         2868    i.USART1_RxTO_IrqHandler  hc32f460_ll_interrupts_share.o
    0x000058f6   0x000058f6   0x00000002   Code   RO         2869    i.USART1_TxComplete_IrqHandler  hc32f460_ll_interrupts_share.o
    0x000058f8   0x000058f8   0x00000002   Code   RO         2870    i.USART1_TxEmpty_IrqHandler  hc32f460_ll_interrupts_share.o
    0x000058fa   0x000058fa   0x00000002   Code   RO         2871    i.USART2_RxError_IrqHandler  hc32f460_ll_interrupts_share.o
    0x000058fc   0x000058fc   0x00000002   Code   RO         2872    i.USART2_RxFull_IrqHandler  hc32f460_ll_interrupts_share.o
    0x000058fe   0x000058fe   0x00000002   Code   RO         2873    i.USART2_RxTO_IrqHandler  hc32f460_ll_interrupts_share.o
    0x00005900   0x00005900   0x00000002   Code   RO         2874    i.USART2_TxComplete_IrqHandler  hc32f460_ll_interrupts_share.o
    0x00005902   0x00005902   0x00000002   Code   RO         2875    i.USART2_TxEmpty_IrqHandler  hc32f460_ll_interrupts_share.o
    0x00005904   0x00005904   0x00000002   Code   RO         2876    i.USART3_RxError_IrqHandler  hc32f460_ll_interrupts_share.o
    0x00005906   0x00005906   0x00000002   Code   RO         2877    i.USART3_RxFull_IrqHandler  hc32f460_ll_interrupts_share.o
    0x00005908   0x00005908   0x00000002   Code   RO         2878    i.USART3_RxTO_IrqHandler  hc32f460_ll_interrupts_share.o
    0x0000590a   0x0000590a   0x00000002   Code   RO         2879    i.USART3_TxComplete_IrqHandler  hc32f460_ll_interrupts_share.o
    0x0000590c   0x0000590c   0x00000002   Code   RO         2880    i.USART3_TxEmpty_IrqHandler  hc32f460_ll_interrupts_share.o
    0x0000590e   0x0000590e   0x00000002   Code   RO         2881    i.USART4_RxError_IrqHandler  hc32f460_ll_interrupts_share.o
    0x00005910   0x00005910   0x00000002   Code   RO         2882    i.USART4_RxFull_IrqHandler  hc32f460_ll_interrupts_share.o
    0x00005912   0x00005912   0x00000002   Code   RO         2883    i.USART4_RxTO_IrqHandler  hc32f460_ll_interrupts_share.o
    0x00005914   0x00005914   0x00000002   Code   RO         2884    i.USART4_TxComplete_IrqHandler  hc32f460_ll_interrupts_share.o
    0x00005916   0x00005916   0x00000002   Code   RO         2885    i.USART4_TxEmpty_IrqHandler  hc32f460_ll_interrupts_share.o
    0x00005918   0x00005918   0x00000002   Code   RO         2886    i.USBFS_Global_IrqHandler  hc32f460_ll_interrupts_share.o
    0x0000591a   0x0000591a   0x00000002   Code   RO         2887    i.WDT_IrqHandler    hc32f460_ll_interrupts_share.o
    0x0000591c   0x0000591c   0x00000026   Code   RO         4597    i.__ARM_fpclassifyf  m_ws.l(fpclassifyf.o)
    0x00005942   0x00005942   0x00000002   PAD
    0x00005944   0x00005944   0x0000001c   Code   RO          280    i.__NVIC_ClearPendingIRQ  tim.o
    0x00005960   0x00005960   0x00000022   Code   RO          281    i.__NVIC_EnableIRQ  tim.o
    0x00005982   0x00005982   0x00000002   PAD
    0x00005984   0x00005984   0x00000028   Code   RO          282    i.__NVIC_SetPriority  tim.o
    0x000059ac   0x000059ac   0x00000006   Code   RO         4600    i.__mathlib_flt_infnan  m_ws.l(funder.o)
    0x000059b2   0x000059b2   0x0000000a   Code   RO         4603    i.__mathlib_flt_overflow  m_ws.l(funder.o)
    0x000059bc   0x000059bc   0x0000000a   Code   RO         4605    i.__mathlib_flt_underflow  m_ws.l(funder.o)
    0x000059c6   0x000059c6   0x0000000e   Code   RO         4680    i.__scatterload_copy  mc_w.l(handlers.o)
    0x000059d4   0x000059d4   0x00000002   Code   RO         4681    i.__scatterload_null  mc_w.l(handlers.o)
    0x000059d6   0x000059d6   0x0000000e   Code   RO         4682    i.__scatterload_zeroinit  mc_w.l(handlers.o)
    0x000059e4   0x000059e4   0x0000000c   Code   RO         4642    i.__set_errno       mc_w.l(errno.o)
    0x000059f0   0x000059f0   0x00000170   Code   RO         4535    i.expf              m_ws.l(expf.o)
    0x00005b60   0x00005b60   0x00000074   Code   RO           84    i.main              main.o
    0x00005bd4   0x00005bd4   0x00000030   Data   RO         4536    .constdata          m_ws.l(expf.o)
    0x00005c04   0x00005c04   0x00000020   Data   RO         4678    Region$$Table       anon$$obj.o


    Execution Region RW_IRAM1 (Exec base: 0x1fff8000, Load base: 0x00005c24, Size: 0x00015ad8, Max: 0x0002f000, ABSOLUTE)

    Exec Addr    Load Addr    Size         Type   Attr      Idx    E Section Name        Object

    0x1fff8000   0x00005c24   0x00000014   Data   RW          197    .data               control_step.o
    0x1fff8014   0x00005c38   0x0000000c   Data   RW          283    .data               tim.o
    0x1fff8020   0x00005c44   0x00000004   Data   RW         4643    .data               mc_w.l(errno.o)
    0x1fff8024        -       0x000138a8   Zero   RW          196    .bss                control_step.o
    0x2000b8cc        -       0x00000200   Zero   RW         1909    .bss                hc32_ll_interrupts.o
    0x2000bacc        -       0x00000008   Zero   RW           15    .bss.noinit         system_hc32f460.o
    0x2000bad4   0x00005c48   0x00000004   PAD
    0x2000bad8        -       0x00002000   Zero   RW            1    STACK               startup_hc32f460.o


==============================================================================

Image component sizes


      Code (inc. data)   RO Data    RW Data    ZI Data      Debug   Object Name

      1116         88          0         20      80040       5378   control_step.o
       332         64          0          0          0      19414   hc32_ll.o
      2648        304          0          0          0      16370   hc32_ll_clk.o
       168         42          0          0          0        627   hc32_ll_efm.o
       232         72          0          0          0       1170   hc32_ll_fcg.o
      1104        168          0          0          0       7073   hc32_ll_gpio.o
         0          0         32          0          0        546   hc32_ll_icg.o
      2768        616          0          0        512      59849   hc32_ll_interrupts.o
       100         32          0          0          0        505   hc32_ll_pwc.o
      2030        316          0          0          0       9981   hc32_ll_spi.o
       216         34          0          0          0        736   hc32_ll_sram.o
      2122        590          0          0          0      12613   hc32_ll_tmra.o
        68         12          0          0          0       1286   hc32_ll_utility.o
      7306        456          0          0          0     112525   hc32f460_ll_interrupts_share.o
       116         16          0          0          0     289571   main.o
       140          6          0          0          0        554   mp6602.o
       100         24        640          0       8192        792   startup_hc32f460.o
       224         42          0          0          8      10521   system_hc32f460.o
       736         66          0         12          0      34137   tim.o

    ----------------------------------------------------------------------
     21544       2948        704         32      88756     583648   Object Totals
         0          0         32          0          0          0   (incl. Generated)
        18          0          0          0          4          0   (incl. Padding)

    ----------------------------------------------------------------------

      Code (inc. data)   RO Data    RW Data    ZI Data      Debug   Library Member Name

       368         46         48          0          0        156   expf.o
        38          0          0          0          0         68   fpclassifyf.o
        26          0          0          0          0        204   funder.o
         0          0          0          0          0          0   entry.o
         0          0          0          0          0          0   entry10a.o
         0          0          0          0          0          0   entry11a.o
         8          4          0          0          0          0   entry2.o
         4          0          0          0          0          0   entry5.o
         0          0          0          0          0          0   entry7b.o
         0          0          0          0          0          0   entry8b.o
         8          4          0          0          0          0   entry9a.o
        12          6          0          4          0         68   errno.o
        30          0          0          0          0          0   handlers.o
        36          8          0          0          0         68   init.o
         0          0          0          0          0          0   iusefp.o
        36          0          0          0          0        108   memseta.o
        20          0          0          0          0         68   cfcmple.o
       176          0          0          0          0        140   fadd.o
       124          0          0          0          0         88   fdiv.o
       110          0          0          0          0        168   fepilogue.o
        50          0          0          0          0         68   ffixi.o
        40          0          0          0          0         68   ffixui.o
        18          0          0          0          0         68   fflti.o
       100          0          0          0          0         76   fmul.o
        60          0          0          0          0         76   frnd.o
        24          0          0          0          0         68   fscalb.o

    ----------------------------------------------------------------------
      1292         68         48          4          0       1560   Library Totals
         4          0          0          0          0          0   (incl. Padding)

    ----------------------------------------------------------------------

      Code (inc. data)   RO Data    RW Data    ZI Data      Debug   Library Name

       432         46         48          0          0        428   m_ws.l
       134         22          0          4          0        244   mc_w.l
       722          0          0          0          0        888   mf_w.l

    ----------------------------------------------------------------------
      1292         68         48          4          0       1560   Library Totals

    ----------------------------------------------------------------------

==============================================================================


      Code (inc. data)   RO Data    RW Data    ZI Data      Debug   

     22836       3016        752         36      88756     562220   Grand Totals
     22836       3016        752         36      88756     562220   ELF Image Totals
     22836       3016        752         36          0          0   ROM Totals

==============================================================================

    Total RO  Size (Code + RO Data)                23588 (  23.04kB)
    Total RW  Size (RW Data + ZI Data)             88792 (  86.71kB)
    Total ROM Size (Code + RO Data + RW Data)      23624 (  23.07kB)

==============================================================================

